<html>
<body>
<pre>
<h1>µVision Build Log</h1>
<h2>Tool Versions:</h2>
IDE-Version: ¦ÌVision V5.38.0.0
Copyright (C) 2022 ARM Ltd and ARM Germany GmbH. All rights reserved.
License Information: lee leeyanfeng0412@gmail.com, feeng, LIC=S5ISZ-J6YG4-XCHJ0-BZWF5-10VQ8-LENF4
 
Tool Versions:
Toolchain:       MDK-ARM Professional  Version: 5.38.0.0
Toolchain Path:  C:\Keil_v5\ARM\ARMCLANG\Bin
C Compiler:      ArmClang.exe V6.19
Assembler:       Armasm.exe V6.19
Linker/Locator:  ArmLink.exe V6.19
Library Manager: ArmAr.exe V6.19
Hex Converter:   FromElf.exe V6.19
CPU DLL:         SARMCM3.DLL V5.38.0.0
Dialog DLL:      DARMSTM.DLL V1.69.1.0
Target DLL:      CMSIS_AGDI.dll V1.33.15.0
Dialog DLL:      DARMSTM.DLL V1.69.1.0
 
<h2>Project:</h2>
C:\Users\leeya\Desktop\STM32\OLED1\0.96OLED-SPI\MDK-ARM\0.96OLED-SPI.uvprojx
Project File Date:  12/24/2022

<h2>Output:</h2>
*** Using Compiler 'V6.19', folder: 'C:\Keil_v5\ARM\ARMCLANG\Bin'
Rebuild target 'Flash'
assembling startup_stm32f10x_md.s...
compiling misc.c...
compiling sys.c...
compiling stm32f10x_dma.c...
compiling stm32f10x_spi.c...
compiling stm32f10x_gpio.c...
compiling stm32f10x_rcc.c...
compiling delay.c...
compiling spi.c...
compiling led.c...
compiling dma.c...
compiling main.c...
compiling stm32f10x_it.c...
compiling system_stm32f10x.c...
compiling screen.c...
compiling oled.c...
linking...
Program Size: Code=17628 RO-data=564 RW-data=4 ZI-data=2668  
FromELF: creating hex file...
"..\Obj\0.96OLED-SPI" - 0 Error(s), 0 Warning(s).

<h2>Software Packages used:</h2>

Package Vendor: Keil
                http://www.keil.com/pack/Keil.STM32F1xx_DFP.2.4.0.pack
                Keil.STM32F1xx_DFP.2.4.0
                STMicroelectronics STM32F1 Series Device Support, Drivers and Examples

<h2>Collection of Component include folders:</h2>
  C:/Users/leeya/AppData/Local/Arm/Packs/Keil/STM32F1xx_DFP/2.4.0/Device/Include

<h2>Collection of Component Files used:</h2>
Build Time Elapsed:  00:00:03
</pre>
</body>
</html>
