Component: Arm Compiler for Embedded 6.19 Tool: armlink [5e73cb00]

==============================================================================

Section Cross References

    startup_stm32f10x_md.o(STACK) refers (Special) to heapauxi.o(.text) for __use_two_region_memory
    startup_stm32f10x_md.o(HEAP) refers (Special) to heapauxi.o(.text) for __use_two_region_memory
    startup_stm32f10x_md.o(RESET) refers (Special) to heapauxi.o(.text) for __use_two_region_memory
    startup_stm32f10x_md.o(RESET) refers to startup_stm32f10x_md.o(STACK) for __initial_sp
    startup_stm32f10x_md.o(RESET) refers to startup_stm32f10x_md.o(.text) for Reset_Handler
    startup_stm32f10x_md.o(RESET) refers to stm32f10x_it.o(.text.NMI_Handler) for NMI_Handler
    startup_stm32f10x_md.o(RESET) refers to stm32f10x_it.o(.text.HardFault_Handler) for HardFault_Handler
    startup_stm32f10x_md.o(RESET) refers to stm32f10x_it.o(.text.MemManage_Handler) for MemManage_Handler
    startup_stm32f10x_md.o(RESET) refers to stm32f10x_it.o(.text.BusFault_Handler) for BusFault_Handler
    startup_stm32f10x_md.o(RESET) refers to stm32f10x_it.o(.text.UsageFault_Handler) for UsageFault_Handler
    startup_stm32f10x_md.o(RESET) refers to stm32f10x_it.o(.text.SVC_Handler) for SVC_Handler
    startup_stm32f10x_md.o(RESET) refers to stm32f10x_it.o(.text.DebugMon_Handler) for DebugMon_Handler
    startup_stm32f10x_md.o(RESET) refers to stm32f10x_it.o(.text.PendSV_Handler) for PendSV_Handler
    startup_stm32f10x_md.o(RESET) refers to stm32f10x_it.o(.text.SysTick_Handler) for SysTick_Handler
    startup_stm32f10x_md.o(.text) refers (Special) to heapauxi.o(.text) for __use_two_region_memory
    startup_stm32f10x_md.o(.text) refers to system_stm32f10x.o(.text.SystemInit) for SystemInit
    startup_stm32f10x_md.o(.text) refers to __main.o(!!!main) for __main
    startup_stm32f10x_md.o(.text) refers to startup_stm32f10x_md.o(HEAP) for Heap_Mem
    startup_stm32f10x_md.o(.text) refers to startup_stm32f10x_md.o(STACK) for Stack_Mem
    misc.o(.ARM.exidx.text.NVIC_PriorityGroupConfig) refers to misc.o(.text.NVIC_PriorityGroupConfig) for [Anonymous Symbol]
    misc.o(.ARM.exidx.text.NVIC_Init) refers to misc.o(.text.NVIC_Init) for [Anonymous Symbol]
    misc.o(.ARM.exidx.text.NVIC_SetVectorTable) refers to misc.o(.text.NVIC_SetVectorTable) for [Anonymous Symbol]
    misc.o(.ARM.exidx.text.NVIC_SystemLPConfig) refers to misc.o(.text.NVIC_SystemLPConfig) for [Anonymous Symbol]
    misc.o(.ARM.exidx.text.SysTick_CLKSourceConfig) refers to misc.o(.text.SysTick_CLKSourceConfig) for [Anonymous Symbol]
    stm32f10x_gpio.o(.text.GPIO_DeInit) refers to stm32f10x_gpio.o(.rodata..Lswitch.table.GPIO_DeInit.1) for .Lswitch.table.GPIO_DeInit.1
    stm32f10x_gpio.o(.text.GPIO_DeInit) refers to stm32f10x_rcc.o(.text.RCC_APB2PeriphResetCmd) for RCC_APB2PeriphResetCmd
    stm32f10x_gpio.o(.ARM.exidx.text.GPIO_DeInit) refers to stm32f10x_gpio.o(.text.GPIO_DeInit) for [Anonymous Symbol]
    stm32f10x_gpio.o(.text.GPIO_AFIODeInit) refers to stm32f10x_rcc.o(.text.RCC_APB2PeriphResetCmd) for RCC_APB2PeriphResetCmd
    stm32f10x_gpio.o(.ARM.exidx.text.GPIO_AFIODeInit) refers to stm32f10x_gpio.o(.text.GPIO_AFIODeInit) for [Anonymous Symbol]
    stm32f10x_gpio.o(.ARM.exidx.text.GPIO_Init) refers to stm32f10x_gpio.o(.text.GPIO_Init) for [Anonymous Symbol]
    stm32f10x_gpio.o(.ARM.exidx.text.GPIO_StructInit) refers to stm32f10x_gpio.o(.text.GPIO_StructInit) for [Anonymous Symbol]
    stm32f10x_gpio.o(.ARM.exidx.text.GPIO_ReadInputDataBit) refers to stm32f10x_gpio.o(.text.GPIO_ReadInputDataBit) for [Anonymous Symbol]
    stm32f10x_gpio.o(.ARM.exidx.text.GPIO_ReadInputData) refers to stm32f10x_gpio.o(.text.GPIO_ReadInputData) for [Anonymous Symbol]
    stm32f10x_gpio.o(.ARM.exidx.text.GPIO_ReadOutputDataBit) refers to stm32f10x_gpio.o(.text.GPIO_ReadOutputDataBit) for [Anonymous Symbol]
    stm32f10x_gpio.o(.ARM.exidx.text.GPIO_ReadOutputData) refers to stm32f10x_gpio.o(.text.GPIO_ReadOutputData) for [Anonymous Symbol]
    stm32f10x_gpio.o(.ARM.exidx.text.GPIO_SetBits) refers to stm32f10x_gpio.o(.text.GPIO_SetBits) for [Anonymous Symbol]
    stm32f10x_gpio.o(.ARM.exidx.text.GPIO_ResetBits) refers to stm32f10x_gpio.o(.text.GPIO_ResetBits) for [Anonymous Symbol]
    stm32f10x_gpio.o(.ARM.exidx.text.GPIO_WriteBit) refers to stm32f10x_gpio.o(.text.GPIO_WriteBit) for [Anonymous Symbol]
    stm32f10x_gpio.o(.ARM.exidx.text.GPIO_Write) refers to stm32f10x_gpio.o(.text.GPIO_Write) for [Anonymous Symbol]
    stm32f10x_gpio.o(.ARM.exidx.text.GPIO_PinLockConfig) refers to stm32f10x_gpio.o(.text.GPIO_PinLockConfig) for [Anonymous Symbol]
    stm32f10x_gpio.o(.ARM.exidx.text.GPIO_EventOutputConfig) refers to stm32f10x_gpio.o(.text.GPIO_EventOutputConfig) for [Anonymous Symbol]
    stm32f10x_gpio.o(.ARM.exidx.text.GPIO_EventOutputCmd) refers to stm32f10x_gpio.o(.text.GPIO_EventOutputCmd) for [Anonymous Symbol]
[...]
    Removing dma.o(.text.MyDMA_Enable), (56 bytes).
    Removing dma.o(.ARM.exidx.text.MyDMA_Enable), (8 bytes).
    Removing led.o(.text), (0 bytes).
    Removing led.o(.text.LED_GPIO_Config), (46 bytes).
    Removing led.o(.ARM.exidx.text.LED_GPIO_Config), (8 bytes).
    Removing led.o(.ARM.exidx.text.LED_Init), (8 bytes).
    Removing led.o(.text.LED_Flash), (36 bytes).
    Removing led.o(.ARM.exidx.text.LED_Flash), (8 bytes).
    Removing oled.o(.text), (0 bytes).
    Removing oled.o(.text.mypow), (24 bytes).
    Removing oled.o(.ARM.exidx.text.mypow), (8 bytes).
    Removing oled.o(.ARM.exidx.text.OLED_Refresh_Gram), (8 bytes).
    Removing oled.o(.text.OLED_Display_On), (30 bytes).
    Removing oled.o(.ARM.exidx.text.OLED_Display_On), (8 bytes).
    Removing oled.o(.text.OLED_Display_Off), (30 bytes).
    Removing oled.o(.ARM.exidx.text.OLED_Display_Off), (8 bytes).
    Removing oled.o(.ARM.exidx.text.OLED_Clear), (8 bytes).
    Removing oled.o(.text.OLED_DrawPoint), (68 bytes).
    Removing oled.o(.ARM.exidx.text.OLED_DrawPoint), (8 bytes).
    Removing oled.o(.text.OLED_ReadPoint), (50 bytes).
    Removing oled.o(.ARM.exidx.text.OLED_ReadPoint), (8 bytes).
    Removing oled.o(.ARM.exidx.text.OLED_DrawLine), (8 bytes).
    Removing oled.o(.text.OLED_DrawLine_Angle), (136 bytes).
    Removing oled.o(.ARM.exidx.text.OLED_DrawLine_Angle), (8 bytes).
    Removing oled.o(.text.OLED_DrawRectangle), (82 bytes).
    Removing oled.o(.ARM.exidx.text.OLED_DrawRectangle), (8 bytes).
    Removing oled.o(.text.OLED_Draw_Filled_Rectangle), (62 bytes).
    Removing oled.o(.ARM.exidx.text.OLED_Draw_Filled_Rectangle), (8 bytes).
    Removing oled.o(.ARM.exidx.text.OLED_DrawRectangle_Intelligent_Overflow), (8 bytes).
    Removing oled.o(.ARM.exidx.text.OLED_Draw_Rounded_Rectangle), (8 bytes).
    Removing oled.o(.ARM.exidx.text.OLED_Draw_8_Pixels_Spread_Out_From_Center), (8 bytes).
    Removing oled.o(.ARM.exidx.text.OLED_Draw_Rounded_Rectangle_Erasure_Method), (8 bytes).
    Removing oled.o(.ARM.exidx.text.OLED_Draw_Rounded_Rectangle_Fillet_Overflow), (8 bytes).
    Removing oled.o(.text.OLED_Draw_Rounded_Rectangle_Fillet_Overflow_Erasure_Method), (432 bytes).
    Removing oled.o(.ARM.exidx.text.OLED_Draw_Rounded_Rectangle_Fillet_Overflow_Erasure_Method), (8 bytes).
    Removing oled.o(.text.OLED_Draw_4_Pixels), (248 bytes).
    Removing oled.o(.ARM.exidx.text.OLED_Draw_4_Pixels), (8 bytes).
    Removing oled.o(.text.OLED_Draw_4_Pixels_Lines), (60 bytes).
    Removing oled.o(.ARM.exidx.text.OLED_Draw_4_Pixels_Lines), (8 bytes).
    Removing oled.o(.ARM.exidx.text.OLED_Draw_4_Pixels_Rotate), (8 bytes).
    Removing oled.o(.text.OLED_Draw_4_Pixels_Rotate_Lines), (432 bytes).
    Removing oled.o(.ARM.exidx.text.OLED_Draw_4_Pixels_Rotate_Lines), (8 bytes).
    Removing oled.o(.ARM.exidx.text.OLED_Draw_4_Pixels_Spread_Out_From_Center), (8 bytes).
    Removing oled.o(.text.OLED_Draw_8_Pixels), (562 bytes).
    Removing oled.o(.ARM.exidx.text.OLED_Draw_8_Pixels), (8 bytes).
    Removing oled.o(.text.OLED_Draw_8_Pixels_Lines), (120 bytes).
    Removing oled.o(.ARM.exidx.text.OLED_Draw_8_Pixels_Lines), (8 bytes).
    Removing oled.o(.ARM.exidx.text.OLED_Draw_8_Pixels_Rotate), (8 bytes).
    Removing oled.o(.text.OLED_DrawCircle), (104 bytes).
    Removing oled.o(.ARM.exidx.text.OLED_DrawCircle), (8 bytes).
    Removing oled.o(.text.OLED_Draw_Filled_Circle), (292 bytes).
    Removing oled.o(.ARM.exidx.text.OLED_Draw_Filled_Circle), (8 bytes).
    Removing oled.o(.text.OLED_DrawArc), (2 bytes).
    Removing oled.o(.ARM.exidx.text.OLED_DrawArc), (8 bytes).
    Removing oled.o(.text.OLED_DrawEllipse), (560 bytes).
    Removing oled.o(.ARM.exidx.text.OLED_DrawEllipse), (8 bytes).
    Removing oled.o(.text.OLED_Draw_Filled_Ellipse), (664 bytes).
    Removing oled.o(.ARM.exidx.text.OLED_Draw_Filled_Ellipse), (8 bytes).
    Removing oled.o(.text.OLED_Draw_Two_Vertical_Ellipses), (560 bytes).
    Removing oled.o(.ARM.exidx.text.OLED_Draw_Two_Vertical_Ellipses), (8 bytes).
    Removing oled.o(.ARM.exidx.text.OLED_DrawEllipse_Rotate), (8 bytes).
    Removing oled.o(.text.OLED_Draw_Filled_Ellipse_Rotate), (576 bytes).
    Removing oled.o(.ARM.exidx.text.OLED_Draw_Filled_Ellipse_Rotate), (8 bytes).
    Removing oled.o(.ARM.exidx.text.OLED_Draw_Two_Vertical_Ellipses_Rotate), (8 bytes).
    Removing oled.o(.text.OLED_Draw_Nuno_Triangle), (2 bytes).
    Removing oled.o(.ARM.exidx.text.OLED_Draw_Nuno_Triangle), (8 bytes).
    Removing oled.o(.text.OLED_Draw_Fish), (2 bytes).
    Removing oled.o(.ARM.exidx.text.OLED_Draw_Fish), (8 bytes).
    Removing oled.o(.text.OLED_ShowBMP), (296 bytes).
    Removing oled.o(.ARM.exidx.text.OLED_ShowBMP), (8 bytes).
    Removing oled.o(.text.OLED_Fill), (182 bytes).
    Removing oled.o(.ARM.exidx.text.OLED_Fill), (8 bytes).
    Removing oled.o(.text.OLED_ShowChar), (344 bytes).
    Removing oled.o(.ARM.exidx.text.OLED_ShowChar), (8 bytes).
    Removing oled.o(.text.OLED_ShowNum), (184 bytes).
    Removing oled.o(.ARM.exidx.text.OLED_ShowNum), (8 bytes).
    Removing oled.o(.text.OLED_ShowString), (232 bytes).
    Removing oled.o(.ARM.exidx.text.OLED_ShowString), (8 bytes).
    Removing oled.o(.ARM.exidx.text.OLED_Init), (8 bytes).
    Removing oled.o(.rodata.asc2_1206), (1140 bytes).
    Removing oled.o(.rodata.asc2_1608), (1520 bytes).
    Removing oled.o(.rodata.asc2_2412), (3420 bytes).
    Removing screen.o(.text), (0 bytes).
    Removing screen.o(.ARM.exidx.text.OLED_Show_Shrinking_Rectangle), (8 bytes).
    Removing screen.o(.text.OLED_Draw_Rotating_Line_Angle), (78 bytes).
    Removing screen.o(.ARM.exidx.text.OLED_Draw_Rotating_Line_Angle), (8 bytes).
    Removing screen.o(.text.OLED_Draw_Filling_Circle), (100 bytes).
    Removing screen.o(.ARM.exidx.text.OLED_Draw_Filling_Circle), (8 bytes).
    Removing screen.o(.ARM.exidx.text.OLED_Show_Rectangle_to_Circle), (8 bytes).
    Removing screen.o(.ARM.exidx.text.OLED_Show_Rectangle_to_LikeCircle), (8 bytes).
    Removing screen.o(.text.OLED_Show_Rectangle_to_LikeCircle_Fillet_Overflow), (178 bytes).
    Removing screen.o(.ARM.exidx.text.OLED_Show_Rectangle_to_LikeCircle_Fillet_Overflow), (8 bytes).
    Removing screen.o(.ARM.exidx.text.OLED_Show_Rectangle_Catched_by_Elliipse), (8 bytes).
    Removing screen.o(.ARM.exidx.text.OLED_Show_DNA), (8 bytes).
    Removing screen.o(.ARM.exidx.text.OLED_Show_Sliding_Door), (8 bytes).
    Removing screen.o(.text.OLED_Show_Boncing_Ball), (606 bytes).
    Removing screen.o(.ARM.exidx.text.OLED_Show_Boncing_Ball), (8 bytes).
    Removing screen.o(.text.OLED_Show_Live_of_Circle), (184 bytes).
    Removing screen.o(.ARM.exidx.text.OLED_Show_Live_of_Circle), (8 bytes).
    Removing screen.o(.text.OLED_Show_Filling_Circle_to_Whole_Screen), (134 bytes).
    Removing screen.o(.ARM.exidx.text.OLED_Show_Filling_Circle_to_Whole_Screen), (8 bytes).
    Removing screen.o(.text.OLED_Show_Rotating_Ellipse), (98 bytes).
    Removing screen.o(.ARM.exidx.text.OLED_Show_Rotating_Ellipse), (8 bytes).
    Removing screen.o(.text.OLED_Show_Rotating_Filled_Ellipse), (104 bytes).
    Removing screen.o(.ARM.exidx.text.OLED_Show_Rotating_Filled_Ellipse), (8 bytes).
    Removing screen.o(.text.OLED_Show_Rotating_Two_Vertical_Ellipses), (98 bytes).
    Removing screen.o(.ARM.exidx.text.OLED_Show_Rotating_Two_Vertical_Ellipses), (8 bytes).
    Removing screen.o(.text.OLED_Show_Rotating_Telescoping_Two_Vertical_Ellipses), (158 bytes).
    Removing screen.o(.ARM.exidx.text.OLED_Show_Rotating_Telescoping_Two_Vertical_Ellipses), (8 bytes).
    Removing screen.o(.ARM.exidx.text.Demo_01), (8 bytes).
    Removing screen.o(.data.OLED_Show_Boncing_Ball.circle_1.0), (1 bytes).
    Removing screen.o(.data.OLED_Show_Boncing_Ball.circle_1.1), (1 bytes).
    Removing screen.o(.data.OLED_Show_Boncing_Ball.circle_2.0), (1 bytes).
    Removing screen.o(.data.OLED_Show_Boncing_Ball.circle_2.1), (1 bytes).
    Removing main.o(.text), (0 bytes).
    Removing main.o(.ARM.exidx.text.main), (8 bytes).
    Removing main.o(.data.BMP0), (1024 bytes).
    Removing main.o(.ARM.use_no_argv), (4 bytes).
    Removing stm32f10x_it.o(.text), (0 bytes).
    Removing stm32f10x_it.o(.ARM.exidx.text.NMI_Handler), (8 bytes).
    Removing stm32f10x_it.o(.ARM.exidx.text.HardFault_Handler), (8 bytes).
    Removing stm32f10x_it.o(.ARM.exidx.text.MemManage_Handler), (8 bytes).
    Removing stm32f10x_it.o(.ARM.exidx.text.BusFault_Handler), (8 bytes).
    Removing stm32f10x_it.o(.ARM.exidx.text.UsageFault_Handler), (8 bytes).
    Removing stm32f10x_it.o(.ARM.exidx.text.SVC_Handler), (8 bytes).
    Removing stm32f10x_it.o(.ARM.exidx.text.DebugMon_Handler), (8 bytes).
    Removing stm32f10x_it.o(.ARM.exidx.text.PendSV_Handler), (8 bytes).
    Removing stm32f10x_it.o(.ARM.exidx.text.SysTick_Handler), (8 bytes).
    Removing system_stm32f10x.o(.text), (0 bytes).
    Removing system_stm32f10x.o(.ARM.exidx.text.SystemInit), (8 bytes).
    Removing system_stm32f10x.o(.text.SystemCoreClockUpdate), (110 bytes).
    Removing system_stm32f10x.o(.ARM.exidx.text.SystemCoreClockUpdate), (8 bytes).
    Removing system_stm32f10x.o(.rodata.AHBPrescTable), (16 bytes).

335 unused section(s) (total 19586 bytes) removed from the image.

==============================================================================

Image Symbol Table

    Local Symbols

    Symbol Name                              Value     Ov Type        Size  Object(Section)

    ../clib/angel/boardlib.s                 0x00000000   Number         0  boardinit1.o ABSOLUTE
    ../clib/angel/boardlib.s                 0x00000000   Number         0  boardinit2.o ABSOLUTE
    ../clib/angel/boardlib.s                 0x00000000   Number         0  boardinit3.o ABSOLUTE
    ../clib/angel/boardlib.s                 0x00000000   Number         0  boardshut.o ABSOLUTE
    ../clib/angel/handlers.s                 0x00000000   Number         0  __scatter_copy.o ABSOLUTE
    ../clib/angel/handlers.s                 0x00000000   Number         0  __scatter_zi.o ABSOLUTE
    ../clib/angel/kernel.s                   0x00000000   Number         0  __rtentry.o ABSOLUTE
    ../clib/angel/kernel.s                   0x00000000   Number         0  __rtentry2.o ABSOLUTE
    ../clib/angel/kernel.s                   0x00000000   Number         0  __rtentry4.o ABSOLUTE
    ../clib/angel/kernel.s                   0x00000000   Number         0  rtexit.o ABSOLUTE
    ../clib/angel/kernel.s                   0x00000000   Number         0  rtexit2.o ABSOLUTE
    ../clib/angel/rt.s                       0x00000000   Number         0  rt_errno_addr.o ABSOLUTE
    ../clib/angel/rt.s                       0x00000000   Number         0  rt_errno_addr_intlibspace.o ABSOLUTE
    ../clib/angel/rt.s                       0x00000000   Number         0  rt_raise.o ABSOLUTE
    ../clib/angel/scatter.s                  0x00000000   Number         0  __scatter.o ABSOLUTE
    ../clib/angel/startup.s                  0x00000000   Number         0  __main.o ABSOLUTE
    ../clib/angel/sys.s                      0x00000000   Number         0  libspace.o ABSOLUTE
    ../clib/angel/sys.s                      0x00000000   Number         0  sys_stackheap_outer.o ABSOLUTE
    ../clib/angel/sys.s                      0x00000000   Number         0  use_no_semi.o ABSOLUTE
    ../clib/angel/sys.s                      0x00000000   Number         0  indicate_semi.o ABSOLUTE
    ../clib/angel/sysapp.c                   0x00000000   Number         0  sys_command.o ABSOLUTE
    ../clib/angel/sysapp.c                   0x00000000   Number         0  sys_command_hlt.o ABSOLUTE
    ../clib/angel/sysapp.c                   0x00000000   Number         0  sys_exit.o ABSOLUTE
    ../clib/angel/sysapp.c                   0x00000000   Number         0  sys_exit_hlt.o ABSOLUTE
    ../clib/angel/sysapp.c                   0x00000000   Number         0  sys_wrch.o ABSOLUTE
    ../clib/angel/sysapp.c                   0x00000000   Number         0  sys_wrch_hlt.o ABSOLUTE
    ../clib/armsys.c                         0x00000000   Number         0  argv_veneer.o ABSOLUTE
    ../clib/armsys.c                         0x00000000   Number         0  argv_veneer.o ABSOLUTE
    ../clib/armsys.c                         0x00000000   Number         0  _get_argv_nomalloc.o ABSOLUTE
    ../clib/armsys.c                         0x00000000   Number         0  no_argv.o ABSOLUTE
    ../clib/fenv.c                           0x00000000   Number         0  _rserrno.o ABSOLUTE
    ../clib/heapalloc.c                      0x00000000   Number         0  hrguard.o ABSOLUTE
    ../clib/heapaux.c                        0x00000000   Number         0  heapauxi.o ABSOLUTE
    ../clib/libinit.s                        0x00000000   Number         0  libinit2.o ABSOLUTE
    ../clib/libinit.s                        0x00000000   Number         0  libinit.o ABSOLUTE
    ../clib/libinit.s                        0x00000000   Number         0  libshutdown.o ABSOLUTE
    ../clib/libinit.s                        0x00000000   Number         0  libshutdown2.o ABSOLUTE
    ../clib/memcpset.s                       0x00000000   Number         0  rt_memclr_w.o ABSOLUTE
    ../clib/signal.c                         0x00000000   Number         0  defsig_rtmem_outer.o ABSOLUTE
    ../clib/signal.c                         0x00000000   Number         0  defsig_rtmem_formal.o ABSOLUTE
    ../clib/signal.c                         0x00000000   Number         0  defsig_exit.o ABSOLUTE
    ../clib/signal.c                         0x00000000   Number         0  defsig_rtmem_inner.o ABSOLUTE
    ../clib/signal.c                         0x00000000   Number         0  __raise.o ABSOLUTE
    ../clib/signal.c                         0x00000000   Number         0  defsig_general.o ABSOLUTE
    ../clib/signal.c                         0x00000000   Number         0  defsig_abrt_inner.o ABSOLUTE
    ../clib/signal.c                         0x00000000   Number         0  defsig_fpe_inner.o ABSOLUTE
    ../clib/signal.c                         0x00000000   Number         0  defsig_rtred_inner.o ABSOLUTE
    ../clib/signal.c                         0x00000000   Number         0  defsig_stak_inner.o ABSOLUTE
    ../clib/signal.c                         0x00000000   Number         0  defsig_pvfn_inner.o ABSOLUTE
    ../clib/signal.c                         0x00000000   Number         0  defsig_cppl_inner.o ABSOLUTE
    ../clib/signal.c                         0x00000000   Number         0  defsig_segv_inner.o ABSOLUTE
    ../clib/signal.c                         0x00000000   Number         0  defsig_other.o ABSOLUTE
    ../clib/signal.s                         0x00000000   Number         0  defsig.o ABSOLUTE
    ../clib/stdlib.c                         0x00000000   Number         0  rand.o ABSOLUTE
    ../clib/stdlib.c                         0x00000000   Number         0  rand.o ABSOLUTE
    ../clib/stdlib.c                         0x00000000   Number         0  exit.o ABSOLUTE
    ../fplib/d2f.s                           0x00000000   Number         0  d2f.o ABSOLUTE
    ../fplib/daddsub.s                       0x00000000   Number         0  daddsub_clz.o ABSOLUTE
    ../fplib/dcheck1.s                       0x00000000   Number         0  dcheck1.o ABSOLUTE
    ../fplib/dcmp.s                          0x00000000   Number         0  dcmp.o ABSOLUTE
    ../fplib/dcmpi.s                         0x00000000   Number         0  dcmpi.o ABSOLUTE
    ../fplib/ddiv.s                          0x00000000   Number         0  ddiv.o ABSOLUTE
    ../fplib/deqf.s                          0x00000000   Number         0  deqf.o ABSOLUTE
    ../fplib/dfix.s                          0x00000000   Number         0  dfix.o ABSOLUTE
    ../fplib/dflt.s                          0x00000000   Number         0  dflt_clz.o ABSOLUTE
    ../fplib/dgeqf.s                         0x00000000   Number         0  dgeqf.o ABSOLUTE
    ../fplib/dleqf.s                         0x00000000   Number         0  dleqf.o ABSOLUTE
    ../fplib/dmul.s                          0x00000000   Number         0  dmul.o ABSOLUTE
    ../fplib/dnaninf.s                       0x00000000   Number         0  dnaninf.o ABSOLUTE
    ../fplib/dretinf.s                       0x00000000   Number         0  dretinf.o ABSOLUTE
    ../fplib/dsqrt.s                         0x00000000   Number         0  dsqrt_noumaal.o ABSOLUTE
    ../fplib/f2d.s                           0x00000000   Number         0  f2d.o ABSOLUTE
    ../fplib/faddsub.s                       0x00000000   Number         0  faddsub_clz.o ABSOLUTE
    ../fplib/fcmp.s                          0x00000000   Number         0  fcmp.o ABSOLUTE
    ../fplib/fcmpi.s                         0x00000000   Number         0  fcmpi.o ABSOLUTE
    ../fplib/feqf.s                          0x00000000   Number         0  feqf.o ABSOLUTE
    ../fplib/ffix.s                          0x00000000   Number         0  ffix.o ABSOLUTE
    ../fplib/fflt.s                          0x00000000   Number         0  fflt_clz.o ABSOLUTE
    ../fplib/fgeqf.s                         0x00000000   Number         0  fgeqf.o ABSOLUTE
    ../fplib/fleqf.s                         0x00000000   Number         0  fleqf.o ABSOLUTE
    ../fplib/fmul.s                          0x00000000   Number         0  fmul.o ABSOLUTE
    ../fplib/fnaninf.s                       0x00000000   Number         0  fnaninf.o ABSOLUTE
    ../fplib/fpinit.s                        0x00000000   Number         0  fpinit.o ABSOLUTE
    ../fplib/fpinit_empty.s                  0x00000000   Number         0  fpinit_empty.o ABSOLUTE
    ../fplib/fretinf.s                       0x00000000   Number         0  fretinf.o ABSOLUTE
    ../fplib/retnan.s                        0x00000000   Number         0  retnan.o ABSOLUTE
    ../fplib/scalbn.s                        0x00000000   Number         0  scalbn.o ABSOLUTE
    ../fplib/trapv.s                         0x00000000   Number         0  trapv.o ABSOLUTE
    ../fplib/usenofp.s                       0x00000000   Number         0  usenofp.o ABSOLUTE
    ../mathlib/cos.c                         0x00000000   Number         0  cos.o ABSOLUTE
    ../mathlib/cos_i.c                       0x00000000   Number         0  cos_i.o ABSOLUTE
    ../mathlib/dunder.c                      0x00000000   Number         0  dunder.o ABSOLUTE
    ../mathlib/fpclassify.c                  0x00000000   Number         0  fpclassify.o ABSOLUTE
    ../mathlib/poly.c                        0x00000000   Number         0  poly.o ABSOLUTE
    ../mathlib/rred.c                        0x00000000   Number         0  rred.o ABSOLUTE
    ../mathlib/sin.c                         0x00000000   Number         0  sin.o ABSOLUTE
    ../mathlib/sin_i.c                       0x00000000   Number         0  sin_i.o ABSOLUTE
    ../mathlib/sqrt.c                        0x00000000   Number         0  sqrt.o ABSOLUTE
    ..\Core\Startup\startup_stm32f10x_md.s   0x00000000   Number         0  startup_stm32f10x_md.o ABSOLUTE
    dc.s                                     0x00000000   Number         0  dc.o ABSOLUTE
    delay.c                                  0x00000000   Number         0  delay.o ABSOLUTE
    dma.c                                    0x00000000   Number         0  dma.o ABSOLUTE
    led.c                                    0x00000000   Number         0  led.o ABSOLUTE
    main.c                                   0x00000000   Number         0  main.o ABSOLUTE
    misc.c                                   0x00000000   Number         0  misc.o ABSOLUTE
    oled.c                                   0x00000000   Number         0  oled.o ABSOLUTE
    screen.c                                 0x00000000   Number         0  screen.o ABSOLUTE
    spi.c                                    0x00000000   Number         0  spi.o ABSOLUTE
    stm32f10x_dma.c                          0x00000000   Number         0  stm32f10x_dma.o ABSOLUTE
    stm32f10x_gpio.c                         0x00000000   Number         0  stm32f10x_gpio.o ABSOLUTE
    stm32f10x_it.c                           0x00000000   Number         0  stm32f10x_it.o ABSOLUTE
    stm32f10x_rcc.c                          0x00000000   Number         0  stm32f10x_rcc.o ABSOLUTE
    stm32f10x_spi.c                          0x00000000   Number         0  stm32f10x_spi.o ABSOLUTE
    sys.c                                    0x00000000   Number         0  sys.o ABSOLUTE
    system_stm32f10x.c                       0x00000000   Number         0  system_stm32f10x.o ABSOLUTE
    RESET                                    0x08000000   Section      236  startup_stm32f10x_md.o(RESET)
    !!!main                                  0x080000ec   Section        8  __main.o(!!!main)
    !!!scatter                               0x080000f4   Section       52  __scatter.o(!!!scatter)
    !!handler_copy                           0x08000128   Section       26  __scatter_copy.o(!!handler_copy)
    !!handler_zi                             0x08000144   Section       28  __scatter_zi.o(!!handler_zi)
    .ARM.Collect$$libinit$$00000000          0x08000160   Section        2  libinit.o(.ARM.Collect$$libinit$$00000000)
    .ARM.Collect$$libinit$$00000002          0x08000162   Section        0  libinit2.o(.ARM.Collect$$libinit$$00000002)
    .ARM.Collect$$libinit$$00000004          0x08000162   Section        0  libinit2.o(.ARM.Collect$$libinit$$00000004)
    .ARM.Collect$$libinit$$00000006          0x08000162   Section        0  libinit2.o(.ARM.Collect$$libinit$$00000006)
    .ARM.Collect$$libinit$$0000000C          0x08000162   Section        0  libinit2.o(.ARM.Collect$$libinit$$0000000C)
    .ARM.Collect$$libinit$$0000000E          0x08000162   Section        0  libinit2.o(.ARM.Collect$$libinit$$0000000E)
    .ARM.Collect$$libinit$$00000010          0x08000162   Section        0  libinit2.o(.ARM.Collect$$libinit$$00000010)
    .ARM.Collect$$libinit$$00000013          0x08000162   Section        0  libinit2.o(.ARM.Collect$$libinit$$00000013)
    .ARM.Collect$$libinit$$00000015          0x08000162   Section        0  libinit2.o(.ARM.Collect$$libinit$$00000015)
    .ARM.Collect$$libinit$$00000017          0x08000162   Section        0  libinit2.o(.ARM.Collect$$libinit$$00000017)
    .ARM.Collect$$libinit$$00000019          0x08000162   Section        0  libinit2.o(.ARM.Collect$$libinit$$00000019)
    .ARM.Collect$$libinit$$0000001B          0x08000162   Section        0  libinit2.o(.ARM.Collect$$libinit$$0000001B)
    .ARM.Collect$$libinit$$0000001D          0x08000162   Section        0  libinit2.o(.ARM.Collect$$libinit$$0000001D)
    .ARM.Collect$$libinit$$0000001F          0x08000162   Section        0  libinit2.o(.ARM.Collect$$libinit$$0000001F)
    .ARM.Collect$$libinit$$00000021          0x08000162   Section        0  libinit2.o(.ARM.Collect$$libinit$$00000021)
    .ARM.Collect$$libinit$$00000023          0x08000162   Section        0  libinit2.o(.ARM.Collect$$libinit$$00000023)
    .ARM.Collect$$libinit$$00000025          0x08000162   Section        0  libinit2.o(.ARM.Collect$$libinit$$00000025)
    .ARM.Collect$$libinit$$00000027          0x08000162   Section        0  libinit2.o(.ARM.Collect$$libinit$$00000027)
    .ARM.Collect$$libinit$$0000002E          0x08000162   Section        0  libinit2.o(.ARM.Collect$$libinit$$0000002E)
    .ARM.Collect$$libinit$$00000030          0x08000162   Section        0  libinit2.o(.ARM.Collect$$libinit$$00000030)
    .ARM.Collect$$libinit$$00000032          0x08000162   Section        0  libinit2.o(.ARM.Collect$$libinit$$00000032)
    .ARM.Collect$$libinit$$00000034          0x08000162   Section        0  libinit2.o(.ARM.Collect$$libinit$$00000034)
    .ARM.Collect$$libinit$$00000035          0x08000162   Section        2  libinit2.o(.ARM.Collect$$libinit$$00000035)
    .ARM.Collect$$libshutdown$$00000000      0x08000164   Section        2  libshutdown.o(.ARM.Collect$$libshutdown$$00000000)
    .ARM.Collect$$libshutdown$$00000002      0x08000166   Section        0  libshutdown2.o(.ARM.Collect$$libshutdown$$00000002)
    .ARM.Collect$$libshutdown$$00000004      0x08000166   Section        0  libshutdown2.o(.ARM.Collect$$libshutdown$$00000004)
    .ARM.Collect$$libshutdown$$00000007      0x08000166   Section        0  libshutdown2.o(.ARM.Collect$$libshutdown$$00000007)
    .ARM.Collect$$libshutdown$$0000000A      0x08000166   Section        0  libshutdown2.o(.ARM.Collect$$libshutdown$$0000000A)
    .ARM.Collect$$libshutdown$$0000000C      0x08000166   Section        0  libshutdown2.o(.ARM.Collect$$libshutdown$$0000000C)
    .ARM.Collect$$libshutdown$$0000000F      0x08000166   Section        0  libshutdown2.o(.ARM.Collect$$libshutdown$$0000000F)
    .ARM.Collect$$libshutdown$$00000010      0x08000166   Section        2  libshutdown2.o(.ARM.Collect$$libshutdown$$00000010)
    .ARM.Collect$$rtentry$$00000000          0x08000168   Section        0  __rtentry.o(.ARM.Collect$$rtentry$$00000000)
    .ARM.Collect$$rtentry$$00000002          0x08000168   Section        0  __rtentry2.o(.ARM.Collect$$rtentry$$00000002)
    .ARM.Collect$$rtentry$$00000004          0x08000168   Section        6  __rtentry4.o(.ARM.Collect$$rtentry$$00000004)
    .ARM.Collect$$rtentry$$00000009          0x0800016e   Section        0  __rtentry2.o(.ARM.Collect$$rtentry$$00000009)
    .ARM.Collect$$rtentry$$0000000A          0x0800016e   Section        4  __rtentry2.o(.ARM.Collect$$rtentry$$0000000A)
    .ARM.Collect$$rtentry$$0000000C          0x08000172   Section        0  __rtentry2.o(.ARM.Collect$$rtentry$$0000000C)
    .ARM.Collect$$rtentry$$0000000D          0x08000172   Section        8  __rtentry2.o(.ARM.Collect$$rtentry$$0000000D)
    .ARM.Collect$$rtexit$$00000000           0x0800017a   Section        2  rtexit.o(.ARM.Collect$$rtexit$$00000000)
    .ARM.Collect$$rtexit$$00000002           0x0800017c   Section        0  rtexit2.o(.ARM.Collect$$rtexit$$00000002)
    .ARM.Collect$$rtexit$$00000003           0x0800017c   Section        4  rtexit2.o(.ARM.Collect$$rtexit$$00000003)
    .ARM.Collect$$rtexit$$00000004           0x08000180   Section        6  rtexit2.o(.ARM.Collect$$rtexit$$00000004)
    .text                                    0x08000188   Section       64  startup_stm32f10x_md.o(.text)
    .text                                    0x080001c8   Section        0  heapauxi.o(.text)
    .text                                    0x080001ce   Section        0  _rserrno.o(.text)
    .text                                    0x080001e4   Section        8  rt_errno_addr_intlibspace.o(.text)
    .text                                    0x080001ec   Section        8  libspace.o(.text)
    .text                                    0x080001f4   Section       74  sys_stackheap_outer.o(.text)
    .text                                    0x0800023e   Section        0  exit.o(.text)
    .text                                    0x08000250   Section        2  use_no_semi.o(.text)
    .text                                    0x08000252   Section        0  indicate_semi.o(.text)
    .text                                    0x08000254   Section        0  sys_exit.o(.text)
    [Anonymous Symbol]                       0x08000260   Section        0  stm32f10x_it.o(.text.BusFault_Handler)
    [Anonymous Symbol]                       0x08000264   Section        0  stm32f10x_it.o(.text.DebugMon_Handler)
    [Anonymous Symbol]                       0x08000268   Section        0  screen.o(.text.Demo_01)
    [Anonymous Symbol]                       0x080003a0   Section        0  stm32f10x_gpio.o(.text.GPIO_Init)
    [Anonymous Symbol]                       0x08000460   Section        0  stm32f10x_gpio.o(.text.GPIO_ResetBits)
    [Anonymous Symbol]                       0x08000464   Section        0  stm32f10x_gpio.o(.text.GPIO_SetBits)
    [Anonymous Symbol]                       0x08000468   Section        0  stm32f10x_it.o(.text.HardFault_Handler)
    [Anonymous Symbol]                       0x0800046c   Section        0  led.o(.text.LED_Init)
    [Anonymous Symbol]                       0x080004a0   Section        0  stm32f10x_it.o(.text.MemManage_Handler)
    [Anonymous Symbol]                       0x080004a4   Section        0  stm32f10x_it.o(.text.NMI_Handler)
    [Anonymous Symbol]                       0x080004a8   Section        0  oled.o(.text.OLED_Clear)
    [Anonymous Symbol]                       0x08000514   Section        0  oled.o(.text.OLED_DrawEllipse_Rotate)
    [Anonymous Symbol]                       0x08000754   Section        0  oled.o(.text.OLED_DrawLine)
    [Anonymous Symbol]                       0x08000adc   Section        0  oled.o(.text.OLED_DrawRectangle_Intelligent_Overflow)
    [Anonymous Symbol]                       0x08000c3c   Section        0  oled.o(.text.OLED_Draw_4_Pixels_Rotate)
    [Anonymous Symbol]                       0x08000eb8   Section        0  oled.o(.text.OLED_Draw_4_Pixels_Spread_Out_From_Center)
    [Anonymous Symbol]                       0x08000fc0   Section        0  oled.o(.text.OLED_Draw_8_Pixels_Rotate)
    [Anonymous Symbol]                       0x080013f8   Section        0  oled.o(.text.OLED_Draw_8_Pixels_Spread_Out_From_Center)
    [Anonymous Symbol]                       0x08001684   Section        0  oled.o(.text.OLED_Draw_Rounded_Rectangle)
    [Anonymous Symbol]                       0x080017b0   Section        0  oled.o(.text.OLED_Draw_Rounded_Rectangle_Erasure_Method)
    [Anonymous Symbol]                       0x0800197c   Section        0  oled.o(.text.OLED_Draw_Rounded_Rectangle_Fillet_Overflow)
    [Anonymous Symbol]                       0x08001b2c   Section        0  oled.o(.text.OLED_Draw_Two_Vertical_Ellipses_Rotate)
    [Anonymous Symbol]                       0x08001d6c   Section        0  oled.o(.text.OLED_Init)
    [Anonymous Symbol]                       0x08001ea0   Section        0  oled.o(.text.OLED_Refresh_Gram)
    [Anonymous Symbol]                       0x08001ee8   Section        0  screen.o(.text.OLED_Show_DNA)
    [Anonymous Symbol]                       0x08001fb0   Section        0  screen.o(.text.OLED_Show_Rectangle_Catched_by_Elliipse)
    [Anonymous Symbol]                       0x080024fc   Section        0  screen.o(.text.OLED_Show_Rectangle_to_Circle)
    [Anonymous Symbol]                       0x080026a0   Section        0  screen.o(.text.OLED_Show_Rectangle_to_LikeCircle)
    [Anonymous Symbol]                       0x08002754   Section        0  screen.o(.text.OLED_Show_Shrinking_Rectangle)
    [Anonymous Symbol]                       0x08002840   Section        0  screen.o(.text.OLED_Show_Sliding_Door)
    [Anonymous Symbol]                       0x080029e4   Section        0  stm32f10x_it.o(.text.PendSV_Handler)
    [Anonymous Symbol]                       0x080029e8   Section        0  stm32f10x_rcc.o(.text.RCC_APB2PeriphClockCmd)
    [Anonymous Symbol]                       0x08002a00   Section        0  spi.o(.text.SPI_GPIO_Init)
    [Anonymous Symbol]                       0x08002a58   Section        0  spi.o(.text.SPI_WR_Byte)
    [Anonymous Symbol]                       0x08002ad4   Section        0  stm32f10x_it.o(.text.SVC_Handler)
    [Anonymous Symbol]                       0x08002ad8   Section        0  misc.o(.text.SysTick_CLKSourceConfig)
    [Anonymous Symbol]                       0x08002af0   Section        0  stm32f10x_it.o(.text.SysTick_Handler)
    [Anonymous Symbol]                       0x08002af4   Section        0  system_stm32f10x.o(.text.SystemInit)
    [Anonymous Symbol]                       0x08002c04   Section        0  stm32f10x_it.o(.text.UsageFault_Handler)
    [Anonymous Symbol]                       0x08002c08   Section        0  delay.o(.text.delay_init)
    [Anonymous Symbol]                       0x08002c4c   Section        0  main.o(.text.main)
    i.__ARM_fpclassify                       0x08002c6e   Section        0  fpclassify.o(i.__ARM_fpclassify)
    i.__ieee754_rem_pio2                     0x08002c98   Section        0  rred.o(i.__ieee754_rem_pio2)
    i.__kernel_cos                           0x08003020   Section        0  cos_i.o(i.__kernel_cos)
    i.__kernel_poly                          0x0800311c   Section        0  poly.o(i.__kernel_poly)
    i.__kernel_sin                           0x080031c8   Section        0  sin_i.o(i.__kernel_sin)
    i.__mathlib_dbl_infnan                   0x080032b4   Section        0  dunder.o(i.__mathlib_dbl_infnan)
    i.__mathlib_dbl_invalid                  0x080032ba   Section        0  dunder.o(i.__mathlib_dbl_invalid)
    i.__mathlib_dbl_underflow                0x080032c8   Section        0  dunder.o(i.__mathlib_dbl_underflow)
    i.cos                                    0x080032d8   Section        0  cos.o(i.cos)
    i.sin                                    0x08003374   Section        0  sin.o(i.sin)
    x$fpl$d2f                                0x08003414   Section       98  d2f.o(x$fpl$d2f)
    x$fpl$dadd                               0x08003478   Section      336  daddsub_clz.o(x$fpl$dadd)
    _dadd1                                   0x08003489   Thumb Code     0  daddsub_clz.o(x$fpl$dadd)
    x$fpl$dcheck1                            0x080035c8   Section       16  dcheck1.o(x$fpl$dcheck1)
    x$fpl$dcmpinf                            0x080035d8   Section       24  dcmpi.o(x$fpl$dcmpinf)
    x$fpl$ddiv                               0x080035f0   Section      692  ddiv.o(x$fpl$ddiv)
    ddiv_entry                               0x080035f7   Thumb Code     0  ddiv.o(x$fpl$ddiv)
    x$fpl$deqf                               0x080038a4   Section      120  deqf.o(x$fpl$deqf)
    x$fpl$dfix                               0x0800391c   Section       94  dfix.o(x$fpl$dfix)
    x$fpl$dflt                               0x0800397a   Section       46  dflt_clz.o(x$fpl$dflt)
    x$fpl$dfltu                              0x080039a8   Section       38  dflt_clz.o(x$fpl$dfltu)
    x$fpl$dgeqf                              0x080039d0   Section      120  dgeqf.o(x$fpl$dgeqf)
    x$fpl$dleqf                              0x08003a48   Section      120  dleqf.o(x$fpl$dleqf)
    x$fpl$dmul                               0x08003ac0   Section      340  dmul.o(x$fpl$dmul)
    x$fpl$dnaninf                            0x08003c14   Section      156  dnaninf.o(x$fpl$dnaninf)
    x$fpl$dretinf                            0x08003cb0   Section       12  dretinf.o(x$fpl$dretinf)
    x$fpl$drsb                               0x08003cbc   Section       22  daddsub_clz.o(x$fpl$drsb)
    x$fpl$dsub                               0x08003cd4   Section      476  daddsub_clz.o(x$fpl$dsub)
    _dsub1                                   0x08003ce5   Thumb Code     0  daddsub_clz.o(x$fpl$dsub)
    x$fpl$f2d                                0x08003eb0   Section       86  f2d.o(x$fpl$f2d)
    x$fpl$fadd                               0x08003f08   Section      196  faddsub_clz.o(x$fpl$fadd)
    _fadd1                                   0x08003f17   Thumb Code     0  faddsub_clz.o(x$fpl$fadd)
    x$fpl$fcmp                               0x08003fcc   Section       84  dcmp.o(x$fpl$fcmp)
    x$fpl$fcmp                               0x08004020   Section       84  fcmp.o(x$fpl$fcmp)
    x$fpl$fcmpinf                            0x08004074   Section       24  fcmpi.o(x$fpl$fcmpinf)
    x$fpl$feqf                               0x0800408c   Section      104  feqf.o(x$fpl$feqf)
    x$fpl$ffix                               0x080040f4   Section       54  ffix.o(x$fpl$ffix)
    x$fpl$fflt                               0x0800412c   Section       48  fflt_clz.o(x$fpl$fflt)
    x$fpl$ffltu                              0x0800415c   Section       38  fflt_clz.o(x$fpl$ffltu)
    x$fpl$fgeqf                              0x08004184   Section      104  fgeqf.o(x$fpl$fgeqf)
    x$fpl$fleqf                              0x080041ec   Section      104  fleqf.o(x$fpl$fleqf)
    x$fpl$fmul                               0x08004254   Section      258  fmul.o(x$fpl$fmul)
    x$fpl$fnaninf                            0x08004356   Section      140  fnaninf.o(x$fpl$fnaninf)
    x$fpl$fretinf                            0x080043e2   Section       10  fretinf.o(x$fpl$fretinf)
    x$fpl$fsub                               0x080043ec   Section      234  faddsub_clz.o(x$fpl$fsub)
    _fsub1                                   0x080043fb   Thumb Code     0  faddsub_clz.o(x$fpl$fsub)
    x$fpl$retnan                             0x080044d6   Section      100  retnan.o(x$fpl$retnan)
    x$fpl$scalbn                             0x0800453a   Section       92  scalbn.o(x$fpl$scalbn)
    x$fpl$trapveneer                         0x08004596   Section       48  trapv.o(x$fpl$trapveneer)
    x$fpl$usenofp                            0x080045c6   Section        0  usenofp.o(x$fpl$usenofp)
    C                                        0x080045c8   Data          48  cos_i.o(.constdata)
    .constdata                               0x080045c8   Section       48  cos_i.o(.constdata)
    pio2s                                    0x080045f8   Data          48  rred.o(.constdata)
    .constdata                               0x080045f8   Section      204  rred.o(.constdata)
    twooverpi                                0x08004628   Data         156  rred.o(.constdata)
    S                                        0x080046c8   Data          40  sin_i.o(.constdata)
    .constdata                               0x080046c8   Section       40  sin_i.o(.constdata)
    .bss                                     0x20000008   Section       96  libspace.o(.bss)
    fac_ms                                   0x20000468   Data           2  delay.o(.bss.fac_ms)
    [Anonymous Symbol]                       0x20000468   Section        0  delay.o(.bss.fac_ms)
    fac_us                                   0x2000046a   Data           1  delay.o(.bss.fac_us)
    [Anonymous Symbol]                       0x2000046a   Section        0  delay.o(.bss.fac_us)
    Heap_Mem                                 0x20000470   Data         512  startup_stm32f10x_md.o(HEAP)
    HEAP                                     0x20000470   Section      512  startup_stm32f10x_md.o(HEAP)
    Stack_Mem                                0x20000670   Data        1024  startup_stm32f10x_md.o(STACK)
    STACK                                    0x20000670   Section     1024  startup_stm32f10x_md.o(STACK)
    __initial_sp                             0x20000a70   Data           0  startup_stm32f10x_md.o(STACK)

    Global Symbols

    Symbol Name                              Value     Ov Type        Size  Object(Section)

    BuildAttributes$$THM_ISAv4$P$D$K$B$S$PE$A:L22UL41UL21$X:L11$S22US41US21$IEEE1$IW$~IW$USESV6$~STKCKD$USESV7$~SHL$OTIME$ROPI$IEEEX$EBA8$UX$STANDARDLIB$REQ8$PRES8$EABIv2 0x00000000   Number         0  anon$$obj.o ABSOLUTE
    __fp_init_empty                          0x00000000   Number         0  fpinit_empty.o ABSOLUTE
    __ARM_exceptions_init                     - Undefined Weak Reference
    __alloca_initialize                       - Undefined Weak Reference
    __arm_preinit_                            - Undefined Weak Reference
    __arm_relocate_pie_                       - Undefined Weak Reference
    __cpp_initialize__aeabi_                  - Undefined Weak Reference
    __cxa_finalize                            - Undefined Weak Reference
    __rt_locale                               - Undefined Weak Reference
    __sigvec_lookup                           - Undefined Weak Reference
    _atexit_init                              - Undefined Weak Reference
    _call_atexit_fns                          - Undefined Weak Reference
    _clock_init                               - Undefined Weak Reference
    _fp_trap_init                             - Undefined Weak Reference
    _fp_trap_shutdown                         - Undefined Weak Reference
    _get_lc_collate                           - Undefined Weak Reference
    _get_lc_ctype                             - Undefined Weak Reference
    _get_lc_monetary                          - Undefined Weak Reference
    _get_lc_numeric                           - Undefined Weak Reference
    _get_lc_time                              - Undefined Weak Reference
    _getenv_init                              - Undefined Weak Reference
    _handle_redirection                       - Undefined Weak Reference
    _init_alloc                               - Undefined Weak Reference
    _init_user_alloc                          - Undefined Weak Reference
    _initio                                   - Undefined Weak Reference
    _signal_finish                            - Undefined Weak Reference
    _signal_init                              - Undefined Weak Reference
    _terminate_alloc                          - Undefined Weak Reference
    _terminate_user_alloc                     - Undefined Weak Reference
    _terminateio                              - Undefined Weak Reference
    __Vectors_Size                           0x000000ec   Number         0  startup_stm32f10x_md.o ABSOLUTE
    __Vectors                                0x08000000   Data           4  startup_stm32f10x_md.o(RESET)
    __Vectors_End                            0x080000ec   Data           0  startup_stm32f10x_md.o(RESET)
    __main                                   0x080000ed   Thumb Code     8  __main.o(!!!main)
    __scatterload                            0x080000f5   Thumb Code     0  __scatter.o(!!!scatter)
    __scatterload_rt2                        0x080000f5   Thumb Code    44  __scatter.o(!!!scatter)
    __scatterload_rt2_thumb_only             0x080000f5   Thumb Code     0  __scatter.o(!!!scatter)
    __scatterload_null                       0x08000103   Thumb Code     0  __scatter.o(!!!scatter)
    __scatterload_copy                       0x08000129   Thumb Code    26  __scatter_copy.o(!!handler_copy)
    __scatterload_zeroinit                   0x08000145   Thumb Code    28  __scatter_zi.o(!!handler_zi)
    __rt_lib_init                            0x08000161   Thumb Code     0  libinit.o(.ARM.Collect$$libinit$$00000000)
    __rt_lib_init_alloca_1                   0x08000163   Thumb Code     0  libinit2.o(.ARM.Collect$$libinit$$00000030)
    __rt_lib_init_argv_1                     0x08000163   Thumb Code     0  libinit2.o(.ARM.Collect$$libinit$$0000002E)
    __rt_lib_init_atexit_1                   0x08000163   Thumb Code     0  libinit2.o(.ARM.Collect$$libinit$$0000001D)
    __rt_lib_init_clock_1                    0x08000163   Thumb Code     0  libinit2.o(.ARM.Collect$$libinit$$00000023)
    __rt_lib_init_cpp_1                      0x08000163   Thumb Code     0  libinit2.o(.ARM.Collect$$libinit$$00000034)
    __rt_lib_init_exceptions_1               0x08000163   Thumb Code     0  libinit2.o(.ARM.Collect$$libinit$$00000032)
    __rt_lib_init_fp_1                       0x08000163   Thumb Code     0  libinit2.o(.ARM.Collect$$libinit$$00000002)
    __rt_lib_init_fp_trap_1                  0x08000163   Thumb Code     0  libinit2.o(.ARM.Collect$$libinit$$00000021)
    __rt_lib_init_getenv_1                   0x08000163   Thumb Code     0  libinit2.o(.ARM.Collect$$libinit$$00000025)
    __rt_lib_init_heap_1                     0x08000163   Thumb Code     0  libinit2.o(.ARM.Collect$$libinit$$0000000C)
    __rt_lib_init_lc_collate_1               0x08000163   Thumb Code     0  libinit2.o(.ARM.Collect$$libinit$$00000013)
    __rt_lib_init_lc_ctype_1                 0x08000163   Thumb Code     0  libinit2.o(.ARM.Collect$$libinit$$00000015)
    __rt_lib_init_lc_monetary_1              0x08000163   Thumb Code     0  libinit2.o(.ARM.Collect$$libinit$$00000017)
    __rt_lib_init_lc_numeric_1               0x08000163   Thumb Code     0  libinit2.o(.ARM.Collect$$libinit$$00000019)
    __rt_lib_init_lc_time_1                  0x08000163   Thumb Code     0  libinit2.o(.ARM.Collect$$libinit$$0000001B)
    __rt_lib_init_preinit_1                  0x08000163   Thumb Code     0  libinit2.o(.ARM.Collect$$libinit$$00000006)
    __rt_lib_init_rand_1                     0x08000163   Thumb Code     0  libinit2.o(.ARM.Collect$$libinit$$00000010)
    __rt_lib_init_relocate_pie_1             0x08000163   Thumb Code     0  libinit2.o(.ARM.Collect$$libinit$$00000004)
    __rt_lib_init_return                     0x08000163   Thumb Code     0  libinit2.o(.ARM.Collect$$libinit$$00000035)
    __rt_lib_init_signal_1                   0x08000163   Thumb Code     0  libinit2.o(.ARM.Collect$$libinit$$0000001F)
    __rt_lib_init_stdio_1                    0x08000163   Thumb Code     0  libinit2.o(.ARM.Collect$$libinit$$00000027)
    __rt_lib_init_user_alloc_1               0x08000163   Thumb Code     0  libinit2.o(.ARM.Collect$$libinit$$0000000E)
    __rt_lib_shutdown                        0x08000165   Thumb Code     0  libshutdown.o(.ARM.Collect$$libshutdown$$00000000)
    __rt_lib_shutdown_cpp_1                  0x08000167   Thumb Code     0  libshutdown2.o(.ARM.Collect$$libshutdown$$00000002)
    __rt_lib_shutdown_fp_trap_1              0x08000167   Thumb Code     0  libshutdown2.o(.ARM.Collect$$libshutdown$$00000007)
    __rt_lib_shutdown_heap_1                 0x08000167   Thumb Code     0  libshutdown2.o(.ARM.Collect$$libshutdown$$0000000F)
    __rt_lib_shutdown_return                 0x08000167   Thumb Code     0  libshutdown2.o(.ARM.Collect$$libshutdown$$00000010)
    __rt_lib_shutdown_signal_1               0x08000167   Thumb Code     0  libshutdown2.o(.ARM.Collect$$libshutdown$$0000000A)
    __rt_lib_shutdown_stdio_1                0x08000167   Thumb Code     0  libshutdown2.o(.ARM.Collect$$libshutdown$$00000004)
    __rt_lib_shutdown_user_alloc_1           0x08000167   Thumb Code     0  libshutdown2.o(.ARM.Collect$$libshutdown$$0000000C)
    __rt_entry                               0x08000169   Thumb Code     0  __rtentry.o(.ARM.Collect$$rtentry$$00000000)
    __rt_entry_presh_1                       0x08000169   Thumb Code     0  __rtentry2.o(.ARM.Collect$$rtentry$$00000002)
    __rt_entry_sh                            0x08000169   Thumb Code     0  __rtentry4.o(.ARM.Collect$$rtentry$$00000004)
    __rt_entry_li                            0x0800016f   Thumb Code     0  __rtentry2.o(.ARM.Collect$$rtentry$$0000000A)
    __rt_entry_postsh_1                      0x0800016f   Thumb Code     0  __rtentry2.o(.ARM.Collect$$rtentry$$00000009)
    __rt_entry_main                          0x08000173   Thumb Code     0  __rtentry2.o(.ARM.Collect$$rtentry$$0000000D)
    __rt_entry_postli_1                      0x08000173   Thumb Code     0  __rtentry2.o(.ARM.Collect$$rtentry$$0000000C)
    __rt_exit                                0x0800017b   Thumb Code     0  rtexit.o(.ARM.Collect$$rtexit$$00000000)
    __rt_exit_ls                             0x0800017d   Thumb Code     0  rtexit2.o(.ARM.Collect$$rtexit$$00000003)
    __rt_exit_prels_1                        0x0800017d   Thumb Code     0  rtexit2.o(.ARM.Collect$$rtexit$$00000002)
    __rt_exit_exit                           0x08000181   Thumb Code     0  rtexit2.o(.ARM.Collect$$rtexit$$00000004)
    Reset_Handler                            0x08000189   Thumb Code     8  startup_stm32f10x_md.o(.text)
    ADC1_2_IRQHandler                        0x080001a3   Thumb Code     0  startup_stm32f10x_md.o(.text)
    CAN1_RX1_IRQHandler                      0x080001a3   Thumb Code     0  startup_stm32f10x_md.o(.text)
    CAN1_SCE_IRQHandler                      0x080001a3   Thumb Code     0  startup_stm32f10x_md.o(.text)
    DMA1_Channel1_IRQHandler                 0x080001a3   Thumb Code     0  startup_stm32f10x_md.o(.text)
    DMA1_Channel2_IRQHandler                 0x080001a3   Thumb Code     0  startup_stm32f10x_md.o(.text)
    DMA1_Channel3_IRQHandler                 0x080001a3   Thumb Code     0  startup_stm32f10x_md.o(.text)
    DMA1_Channel4_IRQHandler                 0x080001a3   Thumb Code     0  startup_stm32f10x_md.o(.text)
    DMA1_Channel5_IRQHandler                 0x080001a3   Thumb Code     0  startup_stm32f10x_md.o(.text)
    DMA1_Channel6_IRQHandler                 0x080001a3   Thumb Code     0  startup_stm32f10x_md.o(.text)
    DMA1_Channel7_IRQHandler                 0x080001a3   Thumb Code     0  startup_stm32f10x_md.o(.text)
    EXTI0_IRQHandler                         0x080001a3   Thumb Code     0  startup_stm32f10x_md.o(.text)
    EXTI15_10_IRQHandler                     0x080001a3   Thumb Code     0  startup_stm32f10x_md.o(.text)
    EXTI1_IRQHandler                         0x080001a3   Thumb Code     0  startup_stm32f10x_md.o(.text)
    EXTI2_IRQHandler                         0x080001a3   Thumb Code     0  startup_stm32f10x_md.o(.text)
    EXTI3_IRQHandler                         0x080001a3   Thumb Code     0  startup_stm32f10x_md.o(.text)
    EXTI4_IRQHandler                         0x080001a3   Thumb Code     0  startup_stm32f10x_md.o(.text)
    EXTI9_5_IRQHandler                       0x080001a3   Thumb Code     0  startup_stm32f10x_md.o(.text)
    FLASH_IRQHandler                         0x080001a3   Thumb Code     0  startup_stm32f10x_md.o(.text)
    I2C1_ER_IRQHandler                       0x080001a3   Thumb Code     0  startup_stm32f10x_md.o(.text)
    I2C1_EV_IRQHandler                       0x080001a3   Thumb Code     0  startup_stm32f10x_md.o(.text)
    I2C2_ER_IRQHandler                       0x080001a3   Thumb Code     0  startup_stm32f10x_md.o(.text)
    I2C2_EV_IRQHandler                       0x080001a3   Thumb Code     0  startup_stm32f10x_md.o(.text)
    PVD_IRQHandler                           0x080001a3   Thumb Code     0  startup_stm32f10x_md.o(.text)
    RCC_IRQHandler                           0x080001a3   Thumb Code     0  startup_stm32f10x_md.o(.text)
    RTCAlarm_IRQHandler                      0x080001a3   Thumb Code     0  startup_stm32f10x_md.o(.text)
    RTC_IRQHandler                           0x080001a3   Thumb Code     0  startup_stm32f10x_md.o(.text)
    SPI1_IRQHandler                          0x080001a3   Thumb Code     0  startup_stm32f10x_md.o(.text)
    SPI2_IRQHandler                          0x080001a3   Thumb Code     0  startup_stm32f10x_md.o(.text)
    TAMPER_IRQHandler                        0x080001a3   Thumb Code     0  startup_stm32f10x_md.o(.text)
    TIM1_BRK_IRQHandler                      0x080001a3   Thumb Code     0  startup_stm32f10x_md.o(.text)
    TIM1_CC_IRQHandler                       0x080001a3   Thumb Code     0  startup_stm32f10x_md.o(.text)
    TIM1_TRG_COM_IRQHandler                  0x080001a3   Thumb Code     0  startup_stm32f10x_md.o(.text)
    TIM1_UP_IRQHandler                       0x080001a3   Thumb Code     0  startup_stm32f10x_md.o(.text)
    TIM2_IRQHandler                          0x080001a3   Thumb Code     0  startup_stm32f10x_md.o(.text)
    TIM3_IRQHandler                          0x080001a3   Thumb Code     0  startup_stm32f10x_md.o(.text)
    TIM4_IRQHandler                          0x080001a3   Thumb Code     0  startup_stm32f10x_md.o(.text)
    USART1_IRQHandler                        0x080001a3   Thumb Code     0  startup_stm32f10x_md.o(.text)
    USART2_IRQHandler                        0x080001a3   Thumb Code     0  startup_stm32f10x_md.o(.text)
    USART3_IRQHandler                        0x080001a3   Thumb Code     0  startup_stm32f10x_md.o(.text)
    USBWakeUp_IRQHandler                     0x080001a3   Thumb Code     0  startup_stm32f10x_md.o(.text)
    USB_HP_CAN1_TX_IRQHandler                0x080001a3   Thumb Code     0  startup_stm32f10x_md.o(.text)
    USB_LP_CAN1_RX0_IRQHandler               0x080001a3   Thumb Code     0  startup_stm32f10x_md.o(.text)
    WWDG_IRQHandler                          0x080001a3   Thumb Code     0  startup_stm32f10x_md.o(.text)
    __user_initial_stackheap                 0x080001a5   Thumb Code     0  startup_stm32f10x_md.o(.text)
    __use_two_region_memory                  0x080001c9   Thumb Code     2  heapauxi.o(.text)
    __rt_heap_escrow$2region                 0x080001cb   Thumb Code     2  heapauxi.o(.text)
    __rt_heap_expand$2region                 0x080001cd   Thumb Code     2  heapauxi.o(.text)
    __read_errno                             0x080001cf   Thumb Code    10  _rserrno.o(.text)
    __set_errno                              0x080001d9   Thumb Code    12  _rserrno.o(.text)
    __aeabi_errno_addr                       0x080001e5   Thumb Code     8  rt_errno_addr_intlibspace.o(.text)
    __errno$intlibspace                      0x080001e5   Thumb Code     0  rt_errno_addr_intlibspace.o(.text)
    __rt_errno_addr$intlibspace              0x080001e5   Thumb Code     0  rt_errno_addr_intlibspace.o(.text)
    __user_libspace                          0x080001ed   Thumb Code     8  libspace.o(.text)
    __user_perproc_libspace                  0x080001ed   Thumb Code     0  libspace.o(.text)
    __user_perthread_libspace                0x080001ed   Thumb Code     0  libspace.o(.text)
    __user_setup_stackheap                   0x080001f5   Thumb Code    74  sys_stackheap_outer.o(.text)
    exit                                     0x0800023f   Thumb Code    18  exit.o(.text)
    __I$use$semihosting                      0x08000251   Thumb Code     0  use_no_semi.o(.text)
    __use_no_semihosting_swi                 0x08000251   Thumb Code     2  use_no_semi.o(.text)
    __semihosting_library_function           0x08000253   Thumb Code     0  indicate_semi.o(.text)
    _sys_exit                                0x08000255   Thumb Code     8  sys_exit.o(.text)
    BusFault_Handler                         0x08000261   Thumb Code     2  stm32f10x_it.o(.text.BusFault_Handler)
    DebugMon_Handler                         0x08000265   Thumb Code     2  stm32f10x_it.o(.text.DebugMon_Handler)
    Demo_01                                  0x08000269   Thumb Code   312  screen.o(.text.Demo_01)
    GPIO_Init                                0x080003a1   Thumb Code   192  stm32f10x_gpio.o(.text.GPIO_Init)
    GPIO_ResetBits                           0x08000461   Thumb Code     4  stm32f10x_gpio.o(.text.GPIO_ResetBits)
    GPIO_SetBits                             0x08000465   Thumb Code     4  stm32f10x_gpio.o(.text.GPIO_SetBits)
    HardFault_Handler                        0x08000469   Thumb Code     2  stm32f10x_it.o(.text.HardFault_Handler)
    LED_Init                                 0x0800046d   Thumb Code    52  led.o(.text.LED_Init)
    MemManage_Handler                        0x080004a1   Thumb Code     2  stm32f10x_it.o(.text.MemManage_Handler)
    NMI_Handler                              0x080004a5   Thumb Code     2  stm32f10x_it.o(.text.NMI_Handler)
    OLED_Clear                               0x080004a9   Thumb Code   108  oled.o(.text.OLED_Clear)
    OLED_DrawEllipse_Rotate                  0x08000515   Thumb Code   576  oled.o(.text.OLED_DrawEllipse_Rotate)
    OLED_DrawLine                            0x08000755   Thumb Code   904  oled.o(.text.OLED_DrawLine)
    OLED_DrawRectangle_Intelligent_Overflow  0x08000add   Thumb Code   350  oled.o(.text.OLED_DrawRectangle_Intelligent_Overflow)
    OLED_Draw_4_Pixels_Rotate                0x08000c3d   Thumb Code   636  oled.o(.text.OLED_Draw_4_Pixels_Rotate)
    OLED_Draw_4_Pixels_Spread_Out_From_Center 0x08000eb9   Thumb Code   264  oled.o(.text.OLED_Draw_4_Pixels_Spread_Out_From_Center)
    OLED_Draw_8_Pixels_Rotate                0x08000fc1   Thumb Code  1080  oled.o(.text.OLED_Draw_8_Pixels_Rotate)
    OLED_Draw_8_Pixels_Spread_Out_From_Center 0x080013f9   Thumb Code   652  oled.o(.text.OLED_Draw_8_Pixels_Spread_Out_From_Center)
    OLED_Draw_Rounded_Rectangle              0x08001685   Thumb Code   298  oled.o(.text.OLED_Draw_Rounded_Rectangle)
    OLED_Draw_Rounded_Rectangle_Erasure_Method 0x080017b1   Thumb Code   460  oled.o(.text.OLED_Draw_Rounded_Rectangle_Erasure_Method)
    OLED_Draw_Rounded_Rectangle_Fillet_Overflow 0x0800197d   Thumb Code   432  oled.o(.text.OLED_Draw_Rounded_Rectangle_Fillet_Overflow)
    OLED_Draw_Two_Vertical_Ellipses_Rotate   0x08001b2d   Thumb Code   576  oled.o(.text.OLED_Draw_Two_Vertical_Ellipses_Rotate)
    OLED_Init                                0x08001d6d   Thumb Code   308  oled.o(.text.OLED_Init)
    OLED_Refresh_Gram                        0x08001ea1   Thumb Code    70  oled.o(.text.OLED_Refresh_Gram)
    OLED_Show_DNA                            0x08001ee9   Thumb Code   200  screen.o(.text.OLED_Show_DNA)
    OLED_Show_Rectangle_Catched_by_Elliipse  0x08001fb1   Thumb Code  1354  screen.o(.text.OLED_Show_Rectangle_Catched_by_Elliipse)
    OLED_Show_Rectangle_to_Circle            0x080024fd   Thumb Code   418  screen.o(.text.OLED_Show_Rectangle_to_Circle)
    OLED_Show_Rectangle_to_LikeCircle        0x080026a1   Thumb Code   178  screen.o(.text.OLED_Show_Rectangle_to_LikeCircle)
    OLED_Show_Shrinking_Rectangle            0x08002755   Thumb Code   236  screen.o(.text.OLED_Show_Shrinking_Rectangle)
    OLED_Show_Sliding_Door                   0x08002841   Thumb Code   418  screen.o(.text.OLED_Show_Sliding_Door)
    PendSV_Handler                           0x080029e5   Thumb Code     2  stm32f10x_it.o(.text.PendSV_Handler)
    RCC_APB2PeriphClockCmd                   0x080029e9   Thumb Code    24  stm32f10x_rcc.o(.text.RCC_APB2PeriphClockCmd)
    SPI_GPIO_Init                            0x08002a01   Thumb Code    86  spi.o(.text.SPI_GPIO_Init)
    SPI_WR_Byte                              0x08002a59   Thumb Code   122  spi.o(.text.SPI_WR_Byte)
    SVC_Handler                              0x08002ad5   Thumb Code     2  stm32f10x_it.o(.text.SVC_Handler)
    SysTick_CLKSourceConfig                  0x08002ad9   Thumb Code    24  misc.o(.text.SysTick_CLKSourceConfig)
    SysTick_Handler                          0x08002af1   Thumb Code     2  stm32f10x_it.o(.text.SysTick_Handler)
    SystemInit                               0x08002af5   Thumb Code   272  system_stm32f10x.o(.text.SystemInit)
    UsageFault_Handler                       0x08002c05   Thumb Code     2  stm32f10x_it.o(.text.UsageFault_Handler)
    delay_init                               0x08002c09   Thumb Code    66  delay.o(.text.delay_init)
    main                                     0x08002c4d   Thumb Code    34  main.o(.text.main)
    __ARM_fpclassify                         0x08002c6f   Thumb Code    40  fpclassify.o(i.__ARM_fpclassify)
    __ieee754_rem_pio2                       0x08002c99   Thumb Code   828  rred.o(i.__ieee754_rem_pio2)
    __kernel_cos                             0x08003021   Thumb Code   230  cos_i.o(i.__kernel_cos)
    __kernel_poly                            0x0800311d   Thumb Code   170  poly.o(i.__kernel_poly)
    __kernel_sin                             0x080031c9   Thumb Code   224  sin_i.o(i.__kernel_sin)
    __mathlib_dbl_infnan                     0x080032b5   Thumb Code     6  dunder.o(i.__mathlib_dbl_infnan)
    __mathlib_dbl_invalid                    0x080032bb   Thumb Code    12  dunder.o(i.__mathlib_dbl_invalid)
    __mathlib_dbl_underflow                  0x080032c9   Thumb Code    10  dunder.o(i.__mathlib_dbl_underflow)
    cos                                      0x080032d9   Thumb Code   148  cos.o(i.cos)
    sin                                      0x08003375   Thumb Code   150  sin.o(i.sin)
    __aeabi_d2f                              0x08003415   Thumb Code     0  d2f.o(x$fpl$d2f)
    _d2f                                     0x08003415   Thumb Code    98  d2f.o(x$fpl$d2f)
    __aeabi_dadd                             0x08003479   Thumb Code     0  daddsub_clz.o(x$fpl$dadd)
    _dadd                                    0x08003479   Thumb Code   332  daddsub_clz.o(x$fpl$dadd)
    __fpl_dcheck_NaN1                        0x080035c9   Thumb Code    10  dcheck1.o(x$fpl$dcheck1)
    __fpl_dcmp_Inf                           0x080035d9   Thumb Code    24  dcmpi.o(x$fpl$dcmpinf)
    __aeabi_ddiv                             0x080035f1   Thumb Code     0  ddiv.o(x$fpl$ddiv)
    _ddiv                                    0x080035f1   Thumb Code   556  ddiv.o(x$fpl$ddiv)
    __aeabi_cdcmpeq                          0x080038a5   Thumb Code     0  deqf.o(x$fpl$deqf)
    _dcmpeq                                  0x080038a5   Thumb Code   120  deqf.o(x$fpl$deqf)
    __aeabi_d2iz                             0x0800391d   Thumb Code     0  dfix.o(x$fpl$dfix)
    _dfix                                    0x0800391d   Thumb Code    94  dfix.o(x$fpl$dfix)
    __aeabi_i2d                              0x0800397b   Thumb Code     0  dflt_clz.o(x$fpl$dflt)
    _dflt                                    0x0800397b   Thumb Code    46  dflt_clz.o(x$fpl$dflt)
    __aeabi_ui2d                             0x080039a9   Thumb Code     0  dflt_clz.o(x$fpl$dfltu)
    _dfltu                                   0x080039a9   Thumb Code    38  dflt_clz.o(x$fpl$dfltu)
    __aeabi_cdcmpge                          0x080039d1   Thumb Code     0  dgeqf.o(x$fpl$dgeqf)
    _dcmpge                                  0x080039d1   Thumb Code   120  dgeqf.o(x$fpl$dgeqf)
    __aeabi_cdcmple                          0x08003a49   Thumb Code     0  dleqf.o(x$fpl$dleqf)
    _dcmple                                  0x08003a49   Thumb Code   120  dleqf.o(x$fpl$dleqf)
    __fpl_dcmple_InfNaN                      0x08003aab   Thumb Code     0  dleqf.o(x$fpl$dleqf)
    __aeabi_dmul                             0x08003ac1   Thumb Code     0  dmul.o(x$fpl$dmul)
    _dmul                                    0x08003ac1   Thumb Code   332  dmul.o(x$fpl$dmul)
    __fpl_dnaninf                            0x08003c15   Thumb Code   156  dnaninf.o(x$fpl$dnaninf)
    __fpl_dretinf                            0x08003cb1   Thumb Code    12  dretinf.o(x$fpl$dretinf)
    __aeabi_drsub                            0x08003cbd   Thumb Code     0  daddsub_clz.o(x$fpl$drsb)
    _drsb                                    0x08003cbd   Thumb Code    22  daddsub_clz.o(x$fpl$drsb)
    __aeabi_dsub                             0x08003cd5   Thumb Code     0  daddsub_clz.o(x$fpl$dsub)
    _dsub                                    0x08003cd5   Thumb Code   472  daddsub_clz.o(x$fpl$dsub)
    __aeabi_f2d                              0x08003eb1   Thumb Code     0  f2d.o(x$fpl$f2d)
    _f2d                                     0x08003eb1   Thumb Code    86  f2d.o(x$fpl$f2d)
    __aeabi_fadd                             0x08003f09   Thumb Code     0  faddsub_clz.o(x$fpl$fadd)
    _fadd                                    0x08003f09   Thumb Code   196  faddsub_clz.o(x$fpl$fadd)
    __aeabi_dcmpeq                           0x08003fcd   Thumb Code     0  dcmp.o(x$fpl$fcmp)
    _deq                                     0x08003fcd   Thumb Code    14  dcmp.o(x$fpl$fcmp)
    _dneq                                    0x08003fdb   Thumb Code    14  dcmp.o(x$fpl$fcmp)
    __aeabi_dcmpgt                           0x08003fe9   Thumb Code     0  dcmp.o(x$fpl$fcmp)
    _dgr                                     0x08003fe9   Thumb Code    14  dcmp.o(x$fpl$fcmp)
    __aeabi_dcmpge                           0x08003ff7   Thumb Code     0  dcmp.o(x$fpl$fcmp)
    _dgeq                                    0x08003ff7   Thumb Code    14  dcmp.o(x$fpl$fcmp)
    __aeabi_dcmple                           0x08004005   Thumb Code     0  dcmp.o(x$fpl$fcmp)
    _dleq                                    0x08004005   Thumb Code    14  dcmp.o(x$fpl$fcmp)
    __aeabi_dcmplt                           0x08004013   Thumb Code     0  dcmp.o(x$fpl$fcmp)
    _dls                                     0x08004013   Thumb Code    14  dcmp.o(x$fpl$fcmp)
    __aeabi_fcmpeq                           0x08004021   Thumb Code     0  fcmp.o(x$fpl$fcmp)
    _feq                                     0x08004021   Thumb Code    14  fcmp.o(x$fpl$fcmp)
    _fneq                                    0x0800402f   Thumb Code    14  fcmp.o(x$fpl$fcmp)
    __aeabi_fcmpgt                           0x0800403d   Thumb Code     0  fcmp.o(x$fpl$fcmp)
    _fgr                                     0x0800403d   Thumb Code    14  fcmp.o(x$fpl$fcmp)
    __aeabi_fcmpge                           0x0800404b   Thumb Code     0  fcmp.o(x$fpl$fcmp)
    _fgeq                                    0x0800404b   Thumb Code    14  fcmp.o(x$fpl$fcmp)
    __aeabi_fcmple                           0x08004059   Thumb Code     0  fcmp.o(x$fpl$fcmp)
    _fleq                                    0x08004059   Thumb Code    14  fcmp.o(x$fpl$fcmp)
    __aeabi_fcmplt                           0x08004067   Thumb Code     0  fcmp.o(x$fpl$fcmp)
    _fls                                     0x08004067   Thumb Code    14  fcmp.o(x$fpl$fcmp)
    __fpl_fcmp_Inf                           0x08004075   Thumb Code    24  fcmpi.o(x$fpl$fcmpinf)
    __aeabi_cfcmpeq                          0x0800408d   Thumb Code     0  feqf.o(x$fpl$feqf)
    _fcmpeq                                  0x0800408d   Thumb Code   104  feqf.o(x$fpl$feqf)
    __aeabi_f2iz                             0x080040f5   Thumb Code     0  ffix.o(x$fpl$ffix)
    _ffix                                    0x080040f5   Thumb Code    54  ffix.o(x$fpl$ffix)
    __aeabi_i2f                              0x0800412d   Thumb Code     0  fflt_clz.o(x$fpl$fflt)
    _fflt                                    0x0800412d   Thumb Code    48  fflt_clz.o(x$fpl$fflt)
    __aeabi_ui2f                             0x0800415d   Thumb Code     0  fflt_clz.o(x$fpl$ffltu)
    _ffltu                                   0x0800415d   Thumb Code    38  fflt_clz.o(x$fpl$ffltu)
    _fcmpge                                  0x08004185   Thumb Code   104  fgeqf.o(x$fpl$fgeqf)
    __aeabi_cfcmple                          0x080041ed   Thumb Code     0  fleqf.o(x$fpl$fleqf)
    _fcmple                                  0x080041ed   Thumb Code   104  fleqf.o(x$fpl$fleqf)
    __fpl_fcmple_InfNaN                      0x0800423f   Thumb Code     0  fleqf.o(x$fpl$fleqf)
    __aeabi_fmul                             0x08004255   Thumb Code     0  fmul.o(x$fpl$fmul)
    _fmul                                    0x08004255   Thumb Code   258  fmul.o(x$fpl$fmul)
    __fpl_fnaninf                            0x08004357   Thumb Code   140  fnaninf.o(x$fpl$fnaninf)
    __fpl_fretinf                            0x080043e3   Thumb Code    10  fretinf.o(x$fpl$fretinf)
    __aeabi_fsub                             0x080043ed   Thumb Code     0  faddsub_clz.o(x$fpl$fsub)
    _fsub                                    0x080043ed   Thumb Code   234  faddsub_clz.o(x$fpl$fsub)
    __fpl_return_NaN                         0x080044d7   Thumb Code   100  retnan.o(x$fpl$retnan)
    __ARM_scalbn                             0x0800453b   Thumb Code    92  scalbn.o(x$fpl$scalbn)
    __fpl_cmpreturn                          0x08004597   Thumb Code    48  trapv.o(x$fpl$trapveneer)
    __I$use$fp                               0x080045c6   Number         0  usenofp.o(x$fpl$usenofp)
    Region$$Table$$Base                      0x080046f0   Number         0  anon$$obj.o(Region$$Table)
    Region$$Table$$Limit                     0x08004710   Number         0  anon$$obj.o(Region$$Table)
    SystemCoreClock                          0x20000000   Data           4  system_stm32f10x.o(.data.SystemCoreClock)
    __libspace_start                         0x20000008   Data          96  libspace.o(.bss)
    OLED_GRAM                                0x20000068   Data        1024  oled.o(.bss.OLED_GRAM)
    __temporary_stack_top$libspace           0x20000068   Data           0  libspace.o(.bss)



==============================================================================

Memory Map of the image

  Image Entry point : 0x080000ed

  Load Region LR_IROM1 (Base: 0x08000000, Size: 0x00004718, Max: 0x00010000, ABSOLUTE)

    Execution Region ER_IROM1 (Exec base: 0x08000000, Load base: 0x08000000, Size: 0x00004710, Max: 0x00010000, ABSOLUTE)

    Exec Addr    Load Addr    Size         Type   Attr      Idx    E Section Name        Object

    0x08000000   0x08000000   0x000000ec   Data   RO            3    RESET               startup_stm32f10x_md.o
    0x080000ec   0x080000ec   0x00000008   Code   RO          501  * !!!main             c_w.l(__main.o)
    0x080000f4   0x080000f4   0x00000034   Code   RO          797    !!!scatter          c_w.l(__scatter.o)
    0x08000128   0x08000128   0x0000001a   Code   RO          799    !!handler_copy      c_w.l(__scatter_copy.o)
    0x08000142   0x08000142   0x00000002   PAD
    0x08000144   0x08000144   0x0000001c   Code   RO          801    !!handler_zi        c_w.l(__scatter_zi.o)
    0x08000160   0x08000160   0x00000002   Code   RO          711    .ARM.Collect$$libinit$$00000000  c_w.l(libinit.o)
    0x08000162   0x08000162   0x00000000   Code   RO          567    .ARM.Collect$$libinit$$00000002  c_w.l(libinit2.o)
    0x08000162   0x08000162   0x00000000   Code   RO          569    .ARM.Collect$$libinit$$00000004  c_w.l(libinit2.o)
    0x08000162   0x08000162   0x00000000   Code   RO          571    .ARM.Collect$$libinit$$00000006  c_w.l(libinit2.o)
    0x08000162   0x08000162   0x00000000   Code   RO          574    .ARM.Collect$$libinit$$0000000C  c_w.l(libinit2.o)
    0x08000162   0x08000162   0x00000000   Code   RO          576    .ARM.Collect$$libinit$$0000000E  c_w.l(libinit2.o)
    0x08000162   0x08000162   0x00000000   Code   RO          578    .ARM.Collect$$libinit$$00000010  c_w.l(libinit2.o)
    0x08000162   0x08000162   0x00000000   Code   RO          581    .ARM.Collect$$libinit$$00000013  c_w.l(libinit2.o)
    0x08000162   0x08000162   0x00000000   Code   RO          583    .ARM.Collect$$libinit$$00000015  c_w.l(libinit2.o)
    0x08000162   0x08000162   0x00000000   Code   RO          585    .ARM.Collect$$libinit$$00000017  c_w.l(libinit2.o)
    0x08000162   0x08000162   0x00000000   Code   RO          587    .ARM.Collect$$libinit$$00000019  c_w.l(libinit2.o)
    0x08000162   0x08000162   0x00000000   Code   RO          589    .ARM.Collect$$libinit$$0000001B  c_w.l(libinit2.o)
    0x08000162   0x08000162   0x00000000   Code   RO          591    .ARM.Collect$$libinit$$0000001D  c_w.l(libinit2.o)
    0x08000162   0x08000162   0x00000000   Code   RO          593    .ARM.Collect$$libinit$$0000001F  c_w.l(libinit2.o)
    0x08000162   0x08000162   0x00000000   Code   RO          595    .ARM.Collect$$libinit$$00000021  c_w.l(libinit2.o)
    0x08000162   0x08000162   0x00000000   Code   RO          597    .ARM.Collect$$libinit$$00000023  c_w.l(libinit2.o)
    0x08000162   0x08000162   0x00000000   Code   RO          599    .ARM.Collect$$libinit$$00000025  c_w.l(libinit2.o)
    0x08000162   0x08000162   0x00000000   Code   RO          601    .ARM.Collect$$libinit$$00000027  c_w.l(libinit2.o)
    0x08000162   0x08000162   0x00000000   Code   RO          605    .ARM.Collect$$libinit$$0000002E  c_w.l(libinit2.o)
    0x08000162   0x08000162   0x00000000   Code   RO          607    .ARM.Collect$$libinit$$00000030  c_w.l(libinit2.o)
    0x08000162   0x08000162   0x00000000   Code   RO          609    .ARM.Collect$$libinit$$00000032  c_w.l(libinit2.o)
    0x08000162   0x08000162   0x00000000   Code   RO          611    .ARM.Collect$$libinit$$00000034  c_w.l(libinit2.o)
    0x08000162   0x08000162   0x00000002   Code   RO          612    .ARM.Collect$$libinit$$00000035  c_w.l(libinit2.o)
    0x08000164   0x08000164   0x00000002   Code   RO          756    .ARM.Collect$$libshutdown$$00000000  c_w.l(libshutdown.o)
    0x08000166   0x08000166   0x00000000   Code   RO          764    .ARM.Collect$$libshutdown$$00000002  c_w.l(libshutdown2.o)
    0x08000166   0x08000166   0x00000000   Code   RO          766    .ARM.Collect$$libshutdown$$00000004  c_w.l(libshutdown2.o)
    0x08000166   0x08000166   0x00000000   Code   RO          769    .ARM.Collect$$libshutdown$$00000007  c_w.l(libshutdown2.o)
    0x08000166   0x08000166   0x00000000   Code   RO          772    .ARM.Collect$$libshutdown$$0000000A  c_w.l(libshutdown2.o)
    0x08000166   0x08000166   0x00000000   Code   RO          774    .ARM.Collect$$libshutdown$$0000000C  c_w.l(libshutdown2.o)
    0x08000166   0x08000166   0x00000000   Code   RO          777    .ARM.Collect$$libshutdown$$0000000F  c_w.l(libshutdown2.o)
    0x08000166   0x08000166   0x00000002   Code   RO          778    .ARM.Collect$$libshutdown$$00000010  c_w.l(libshutdown2.o)
    0x08000168   0x08000168   0x00000000   Code   RO          563    .ARM.Collect$$rtentry$$00000000  c_w.l(__rtentry.o)
    0x08000168   0x08000168   0x00000000   Code   RO          662    .ARM.Collect$$rtentry$$00000002  c_w.l(__rtentry2.o)
    0x08000168   0x08000168   0x00000006   Code   RO          674    .ARM.Collect$$rtentry$$00000004  c_w.l(__rtentry4.o)
    0x0800016e   0x0800016e   0x00000000   Code   RO          664    .ARM.Collect$$rtentry$$00000009  c_w.l(__rtentry2.o)
    0x0800016e   0x0800016e   0x00000004   Code   RO          665    .ARM.Collect$$rtentry$$0000000A  c_w.l(__rtentry2.o)
    0x08000172   0x08000172   0x00000000   Code   RO          667    .ARM.Collect$$rtentry$$0000000C  c_w.l(__rtentry2.o)
    0x08000172   0x08000172   0x00000008   Code   RO          668    .ARM.Collect$$rtentry$$0000000D  c_w.l(__rtentry2.o)
    0x0800017a   0x0800017a   0x00000002   Code   RO          718    .ARM.Collect$$rtexit$$00000000  c_w.l(rtexit.o)
    0x0800017c   0x0800017c   0x00000000   Code   RO          732    .ARM.Collect$$rtexit$$00000002  c_w.l(rtexit2.o)
    0x0800017c   0x0800017c   0x00000004   Code   RO          733    .ARM.Collect$$rtexit$$00000003  c_w.l(rtexit2.o)
    0x08000180   0x08000180   0x00000006   Code   RO          734    .ARM.Collect$$rtexit$$00000004  c_w.l(rtexit2.o)
    0x08000186   0x08000186   0x00000002   PAD
    0x08000188   0x08000188   0x00000040   Code   RO            4    .text               startup_stm32f10x_md.o
    0x080001c8   0x080001c8   0x00000006   Code   RO          499    .text               c_w.l(heapauxi.o)
    0x080001ce   0x080001ce   0x00000016   Code   RO          564    .text               c_w.l(_rserrno.o)
    0x080001e4   0x080001e4   0x00000008   Code   RO          679    .text               c_w.l(rt_errno_addr_intlibspace.o)
    0x080001ec   0x080001ec   0x00000008   Code   RO          695    .text               c_w.l(libspace.o)
    0x080001f4   0x080001f4   0x0000004a   Code   RO          698    .text               c_w.l(sys_stackheap_outer.o)
    0x0800023e   0x0800023e   0x00000012   Code   RO          700    .text               c_w.l(exit.o)
    0x08000250   0x08000250   0x00000002   Code   RO          728    .text               c_w.l(use_no_semi.o)
    0x08000252   0x08000252   0x00000000   Code   RO          730    .text               c_w.l(indicate_semi.o)
    0x08000252   0x08000252   0x00000002   PAD
    0x08000254   0x08000254   0x0000000c   Code   RO          746    .text               c_w.l(sys_exit.o)
    0x08000260   0x08000260   0x00000002   Code   RO          458    .text.BusFault_Handler  stm32f10x_it.o
    0x08000262   0x08000262   0x00000002   PAD
    0x08000264   0x08000264   0x00000002   Code   RO          464    .text.DebugMon_Handler  stm32f10x_it.o
    0x08000266   0x08000266   0x00000002   PAD
    0x08000268   0x08000268   0x00000138   Code   RO          428    .text.Demo_01       screen.o
    0x080003a0   0x080003a0   0x000000c0   Code   RO           33    .text.GPIO_Init     stm32f10x_gpio.o
    0x08000460   0x08000460   0x00000004   Code   RO           47    .text.GPIO_ResetBits  stm32f10x_gpio.o
    0x08000464   0x08000464   0x00000004   Code   RO           45    .text.GPIO_SetBits  stm32f10x_gpio.o
    0x08000468   0x08000468   0x00000002   Code   RO          454    .text.HardFault_Handler  stm32f10x_it.o
    0x0800046a   0x0800046a   0x00000002   PAD
    0x0800046c   0x0800046c   0x00000034   Code   RO          288    .text.LED_Init      led.o
    0x080004a0   0x080004a0   0x00000002   Code   RO          456    .text.MemManage_Handler  stm32f10x_it.o
    0x080004a2   0x080004a2   0x00000002   PAD
    0x080004a4   0x080004a4   0x00000002   Code   RO          452    .text.NMI_Handler   stm32f10x_it.o
    0x080004a6   0x080004a6   0x00000002   PAD
    0x080004a8   0x080004a8   0x0000006c   Code   RO          308    .text.OLED_Clear    oled.o
    0x08000514   0x08000514   0x00000240   Code   RO          362    .text.OLED_DrawEllipse_Rotate  oled.o
    0x08000754   0x08000754   0x00000388   Code   RO          314    .text.OLED_DrawLine  oled.o
    0x08000adc   0x08000adc   0x0000015e   Code   RO          322    .text.OLED_DrawRectangle_Intelligent_Overflow  oled.o
    0x08000c3a   0x08000c3a   0x00000002   PAD
    0x08000c3c   0x08000c3c   0x0000027c   Code   RO          338    .text.OLED_Draw_4_Pixels_Rotate  oled.o
    0x08000eb8   0x08000eb8   0x00000108   Code   RO          342    .text.OLED_Draw_4_Pixels_Spread_Out_From_Center  oled.o
    0x08000fc0   0x08000fc0   0x00000438   Code   RO          348    .text.OLED_Draw_8_Pixels_Rotate  oled.o
    0x080013f8   0x080013f8   0x0000028c   Code   RO          326    .text.OLED_Draw_8_Pixels_Spread_Out_From_Center  oled.o
    0x08001684   0x08001684   0x0000012a   Code   RO          324    .text.OLED_Draw_Rounded_Rectangle  oled.o
    0x080017ae   0x080017ae   0x00000002   PAD
    0x080017b0   0x080017b0   0x000001cc   Code   RO          328    .text.OLED_Draw_Rounded_Rectangle_Erasure_Method  oled.o
    0x0800197c   0x0800197c   0x000001b0   Code   RO          330    .text.OLED_Draw_Rounded_Rectangle_Fillet_Overflow  oled.o
    0x08001b2c   0x08001b2c   0x00000240   Code   RO          366    .text.OLED_Draw_Two_Vertical_Ellipses_Rotate  oled.o
    0x08001d6c   0x08001d6c   0x00000134   Code   RO          382    .text.OLED_Init     oled.o
    0x08001ea0   0x08001ea0   0x00000046   Code   RO          302    .text.OLED_Refresh_Gram  oled.o
    0x08001ee6   0x08001ee6   0x00000002   PAD
    0x08001ee8   0x08001ee8   0x000000c8   Code   RO          410    .text.OLED_Show_DNA  screen.o
    0x08001fb0   0x08001fb0   0x0000054a   Code   RO          408    .text.OLED_Show_Rectangle_Catched_by_Elliipse  screen.o
    0x080024fa   0x080024fa   0x00000002   PAD
    0x080024fc   0x080024fc   0x000001a2   Code   RO          402    .text.OLED_Show_Rectangle_to_Circle  screen.o
    0x0800269e   0x0800269e   0x00000002   PAD
    0x080026a0   0x080026a0   0x000000b2   Code   RO          404    .text.OLED_Show_Rectangle_to_LikeCircle  screen.o
    0x08002752   0x08002752   0x00000002   PAD
    0x08002754   0x08002754   0x000000ec   Code   RO          396    .text.OLED_Show_Shrinking_Rectangle  screen.o
    0x08002840   0x08002840   0x000001a2   Code   RO          412    .text.OLED_Show_Sliding_Door  screen.o
    0x080029e2   0x080029e2   0x00000002   PAD
    0x080029e4   0x080029e4   0x00000002   Code   RO          466    .text.PendSV_Handler  stm32f10x_it.o
    0x080029e6   0x080029e6   0x00000002   PAD
    0x080029e8   0x080029e8   0x00000018   Code   RO          172    .text.RCC_APB2PeriphClockCmd  stm32f10x_rcc.o
    0x08002a00   0x08002a00   0x00000056   Code   RO          263    .text.SPI_GPIO_Init  spi.o
    0x08002a56   0x08002a56   0x00000002   PAD
    0x08002a58   0x08002a58   0x0000007a   Code   RO          265    .text.SPI_WR_Byte   spi.o
    0x08002ad2   0x08002ad2   0x00000002   PAD
    0x08002ad4   0x08002ad4   0x00000002   Code   RO          462    .text.SVC_Handler   stm32f10x_it.o
    0x08002ad6   0x08002ad6   0x00000002   PAD
    0x08002ad8   0x08002ad8   0x00000018   Code   RO           19    .text.SysTick_CLKSourceConfig  misc.o
    0x08002af0   0x08002af0   0x00000002   Code   RO          468    .text.SysTick_Handler  stm32f10x_it.o
    0x08002af2   0x08002af2   0x00000002   PAD
    0x08002af4   0x08002af4   0x00000110   Code   RO          477    .text.SystemInit    system_stm32f10x.o
    0x08002c04   0x08002c04   0x00000002   Code   RO          460    .text.UsageFault_Handler  stm32f10x_it.o
    0x08002c06   0x08002c06   0x00000002   PAD
    0x08002c08   0x08002c08   0x00000042   Code   RO          247    .text.delay_init    delay.o
    0x08002c4a   0x08002c4a   0x00000002   PAD
    0x08002c4c   0x08002c4c   0x00000022   Code   RO          442    .text.main          main.o
    0x08002c6e   0x08002c6e   0x00000028   Code   RO          691    i.__ARM_fpclassify  m_ws.l(fpclassify.o)
    0x08002c96   0x08002c96   0x00000002   PAD
    0x08002c98   0x08002c98   0x00000388   Code   RO          653    i.__ieee754_rem_pio2  m_ws.l(rred.o)
    0x08003020   0x08003020   0x000000fc   Code   RO          636    i.__kernel_cos      m_ws.l(cos_i.o)
    0x0800311c   0x0800311c   0x000000aa   Code   RO          693    i.__kernel_poly     m_ws.l(poly.o)
    0x080031c6   0x080031c6   0x00000002   PAD
    0x080031c8   0x080031c8   0x000000ec   Code   RO          658    i.__kernel_sin      m_ws.l(sin_i.o)
    0x080032b4   0x080032b4   0x00000006   Code   RO          640    i.__mathlib_dbl_infnan  m_ws.l(dunder.o)
    0x080032ba   0x080032ba   0x0000000c   Code   RO          642    i.__mathlib_dbl_invalid  m_ws.l(dunder.o)
    0x080032c6   0x080032c6   0x00000002   PAD
    0x080032c8   0x080032c8   0x00000010   Code   RO          645    i.__mathlib_dbl_underflow  m_ws.l(dunder.o)
    0x080032d8   0x080032d8   0x0000009c   Code   RO          552    i.cos               m_ws.l(cos.o)
    0x08003374   0x08003374   0x000000a0   Code   RO          556    i.sin               m_ws.l(sin.o)
    0x08003414   0x08003414   0x00000062   Code   RO          503    x$fpl$d2f           fz_ws.l(d2f.o)
    0x08003476   0x08003476   0x00000002   PAD
    0x08003478   0x08003478   0x00000150   Code   RO          505    x$fpl$dadd          fz_ws.l(daddsub_clz.o)
    0x080035c8   0x080035c8   0x00000010   Code   RO          712    x$fpl$dcheck1       fz_ws.l(dcheck1.o)
    0x080035d8   0x080035d8   0x00000018   Code   RO          683    x$fpl$dcmpinf       fz_ws.l(dcmpi.o)
    0x080035f0   0x080035f0   0x000002b4   Code   RO          514    x$fpl$ddiv          fz_ws.l(ddiv.o)
    0x080038a4   0x080038a4   0x00000078   Code   RO          613    x$fpl$deqf          fz_ws.l(deqf.o)
    0x0800391c   0x0800391c   0x0000005e   Code   RO          517    x$fpl$dfix          fz_ws.l(dfix.o)
    0x0800397a   0x0800397a   0x0000002e   Code   RO          522    x$fpl$dflt          fz_ws.l(dflt_clz.o)
    0x080039a8   0x080039a8   0x00000026   Code   RO          521    x$fpl$dfltu         fz_ws.l(dflt_clz.o)
    0x080039ce   0x080039ce   0x00000002   PAD
    0x080039d0   0x080039d0   0x00000078   Code   RO          615    x$fpl$dgeqf         fz_ws.l(dgeqf.o)
    0x08003a48   0x08003a48   0x00000078   Code   RO          617    x$fpl$dleqf         fz_ws.l(dleqf.o)
    0x08003ac0   0x08003ac0   0x00000154   Code   RO          527    x$fpl$dmul          fz_ws.l(dmul.o)
    0x08003c14   0x08003c14   0x0000009c   Code   RO          619    x$fpl$dnaninf       fz_ws.l(dnaninf.o)
    0x08003cb0   0x08003cb0   0x0000000c   Code   RO          621    x$fpl$dretinf       fz_ws.l(dretinf.o)
    0x08003cbc   0x08003cbc   0x00000016   Code   RO          506    x$fpl$drsb          fz_ws.l(daddsub_clz.o)
    0x08003cd2   0x08003cd2   0x00000002   PAD
    0x08003cd4   0x08003cd4   0x000001dc   Code   RO          507    x$fpl$dsub          fz_ws.l(daddsub_clz.o)
    0x08003eb0   0x08003eb0   0x00000056   Code   RO          529    x$fpl$f2d           fz_ws.l(f2d.o)
    0x08003f06   0x08003f06   0x00000002   PAD
    0x08003f08   0x08003f08   0x000000c4   Code   RO          531    x$fpl$fadd          fz_ws.l(faddsub_clz.o)
    0x08003fcc   0x08003fcc   0x00000054   Code   RO          511    x$fpl$fcmp          fz_ws.l(dcmp.o)
    0x08004020   0x08004020   0x00000054   Code   RO          537    x$fpl$fcmp          fz_ws.l(fcmp.o)
    0x08004074   0x08004074   0x00000018   Code   RO          685    x$fpl$fcmpinf       fz_ws.l(fcmpi.o)
    0x0800408c   0x0800408c   0x00000068   Code   RO          625    x$fpl$feqf          fz_ws.l(feqf.o)
    0x080040f4   0x080040f4   0x00000036   Code   RO          539    x$fpl$ffix          fz_ws.l(ffix.o)
    0x0800412a   0x0800412a   0x00000002   PAD
    0x0800412c   0x0800412c   0x00000030   Code   RO          544    x$fpl$fflt          fz_ws.l(fflt_clz.o)
    0x0800415c   0x0800415c   0x00000026   Code   RO          543    x$fpl$ffltu         fz_ws.l(fflt_clz.o)
    0x08004182   0x08004182   0x00000002   PAD
    0x08004184   0x08004184   0x00000068   Code   RO          627    x$fpl$fgeqf         fz_ws.l(fgeqf.o)
    0x080041ec   0x080041ec   0x00000068   Code   RO          629    x$fpl$fleqf         fz_ws.l(fleqf.o)
    0x08004254   0x08004254   0x00000102   Code   RO          549    x$fpl$fmul          fz_ws.l(fmul.o)
    0x08004356   0x08004356   0x0000008c   Code   RO          631    x$fpl$fnaninf       fz_ws.l(fnaninf.o)
    0x080043e2   0x080043e2   0x0000000a   Code   RO          633    x$fpl$fretinf       fz_ws.l(fretinf.o)
    0x080043ec   0x080043ec   0x000000ea   Code   RO          533    x$fpl$fsub          fz_ws.l(faddsub_clz.o)
    0x080044d6   0x080044d6   0x00000064   Code   RO          726    x$fpl$retnan        fz_ws.l(retnan.o)
    0x0800453a   0x0800453a   0x0000005c   Code   RO          689    x$fpl$scalbn        fz_ws.l(scalbn.o)
    0x08004596   0x08004596   0x00000030   Code   RO          744    x$fpl$trapveneer    fz_ws.l(trapv.o)
    0x080045c6   0x080045c6   0x00000000   Code   RO          635    x$fpl$usenofp       fz_ws.l(usenofp.o)
    0x080045c6   0x080045c6   0x00000002   PAD
    0x080045c8   0x080045c8   0x00000030   Data   RO          637    .constdata          m_ws.l(cos_i.o)
    0x080045f8   0x080045f8   0x000000cc   Data   RO          655    .constdata          m_ws.l(rred.o)
    0x080046c4   0x080046c4   0x00000004   PAD
    0x080046c8   0x080046c8   0x00000028   Data   RO          659    .constdata          m_ws.l(sin_i.o)
    0x080046f0   0x080046f0   0x00000020   Data   RO          796    Region$$Table       anon$$obj.o


    Execution Region RW_IRAM1 (Exec base: 0x20000000, Load base: 0x08004710, Size: 0x00000a70, Max: 0x00005000, ABSOLUTE)

    Exec Addr    Load Addr    Size         Type   Attr      Idx    E Section Name        Object

    0x20000000   0x08004710   0x00000004   Data   RW          481    .data.SystemCoreClock  system_stm32f10x.o
    0x20000004   0x08004714   0x00000004   PAD
    0x20000008        -       0x00000060   Zero   RW          696    .bss                c_w.l(libspace.o)
    0x20000068        -       0x00000400   Zero   RW          387    .bss.OLED_GRAM      oled.o
    0x20000468        -       0x00000002   Zero   RW          254    .bss.fac_ms         delay.o
    0x2000046a        -       0x00000001   Zero   RW          253    .bss.fac_us         delay.o
    0x2000046b   0x08004714   0x00000005   PAD
    0x20000470        -       0x00000200   Zero   RW            2    HEAP                startup_stm32f10x_md.o
    0x20000670        -       0x00000400   Zero   RW            1    STACK               startup_stm32f10x_md.o


==============================================================================

Image component sizes


      Code (inc. data)   RO Data    RW Data    ZI Data      Debug   Object Name

        66          0          0          0          3       1433   delay.o
        52          0          0          0          0       2283   led.o
        34          0          0          0          0        779   main.o
        24          0          0          0          0       3253   misc.o
      6714          8          0          0       1024      47021   oled.o
      3116          0          0          0          0      15124   screen.o
       208          0          0          0          0       1950   spi.o
        64         26        236          0       1536        836   startup_stm32f10x_md.o
       200          0          0          0          0       5932   stm32f10x_gpio.o
        18          0          0          0          0       1005   stm32f10x_it.o
        24          0          0          0          0       8276   stm32f10x_rcc.o
       272          0          0          4          0       2624   system_stm32f10x.o

    ----------------------------------------------------------------------
     10830         34        268          4       2572      90516   Object Totals
         0          0         32          0          0          0   (incl. Generated)
        38          0          0          0          9          0   (incl. Padding)

    ----------------------------------------------------------------------

      Code (inc. data)   RO Data    RW Data    ZI Data      Debug   Library Member Name

         8          0          0          0          0         68   __main.o
         0          0          0          0          0          0   __rtentry.o
        12          0          0          0          0          0   __rtentry2.o
         6          0          0          0          0          0   __rtentry4.o
        52          8          0          0          0          0   __scatter.o
        26          0          0          0          0          0   __scatter_copy.o
        28          0          0          0          0          0   __scatter_zi.o
        22          0          0          0          0        100   _rserrno.o
        18          0          0          0          0         80   exit.o
         6          0          0          0          0        152   heapauxi.o
         0          0          0          0          0          0   indicate_semi.o
         2          0          0          0          0          0   libinit.o
         2          0          0          0          0          0   libinit2.o
         2          0          0          0          0          0   libshutdown.o
         2          0          0          0          0          0   libshutdown2.o
         8          4          0          0         96         68   libspace.o
         8          4          0          0          0         68   rt_errno_addr_intlibspace.o
         2          0          0          0          0          0   rtexit.o
        10          0          0          0          0          0   rtexit2.o
        12          4          0          0          0         68   sys_exit.o
        74          0          0          0          0         80   sys_stackheap_outer.o
         2          0          0          0          0         68   use_no_semi.o
        98          4          0          0          0         92   d2f.o
       834         16          0          0          0        372   daddsub_clz.o
        16          4          0          0          0         68   dcheck1.o
        84          0          0          0          0        196   dcmp.o
        24          0          0          0          0         68   dcmpi.o
       692        140          0          0          0        216   ddiv.o
       120          4          0          0          0         92   deqf.o
        94          4          0          0          0         92   dfix.o
        84          0          0          0          0        136   dflt_clz.o
       120          4          0          0          0         92   dgeqf.o
       120          4          0          0          0         92   dleqf.o
       340         12          0          0          0        104   dmul.o
       156          4          0          0          0         92   dnaninf.o
        12          0          0          0          0         68   dretinf.o
        86          4          0          0          0         84   f2d.o
       430          8          0          0          0        168   faddsub_clz.o
        84          0          0          0          0        196   fcmp.o
        24          0          0          0          0         68   fcmpi.o
       104          4          0          0          0         84   feqf.o
        54          4          0          0          0         84   ffix.o
        86          0          0          0          0        136   fflt_clz.o
       104          4          0          0          0         84   fgeqf.o
       104          4          0          0          0         84   fleqf.o
       258          4          0          0          0         84   fmul.o
       140          4          0          0          0         84   fnaninf.o
        10          0          0          0          0         68   fretinf.o
       100          0          0          0          0         68   retnan.o
        92          0          0          0          0         68   scalbn.o
        48          0          0          0          0         68   trapv.o
         0          0          0          0          0          0   usenofp.o
       156          8          0          0          0        104   cos.o
       252         22         48          0          0        124   cos_i.o
        34          6          0          0          0        204   dunder.o
        40          0          0          0          0         68   fpclassify.o
       170          0          0          0          0         96   poly.o
       904         76        204          0          0        140   rred.o
       160         10          0          0          0        108   sin.o
       236         12         40          0          0        128   sin_i.o

    ----------------------------------------------------------------------
      6798        386        296          0         96       4932   Library Totals
        26          0          4          0          0          0   (incl. Padding)

    ----------------------------------------------------------------------

      Code (inc. data)   RO Data    RW Data    ZI Data      Debug   Library Name

       302         20          0          0         96        752   c_w.l
      4518        232          0          0          0       3208   fz_ws.l
      1952        134        292          0          0        972   m_ws.l

    ----------------------------------------------------------------------
      6798        386        296          0         96       4932   Library Totals

    ----------------------------------------------------------------------

==============================================================================


      Code (inc. data)   RO Data    RW Data    ZI Data      Debug   

     17628        420        564          4       2668      92748   Grand Totals
     17628        420        564          4       2668      92748   ELF Image Totals
     17628        420        564          4          0          0   ROM Totals

==============================================================================

    Total RO  Size (Code + RO Data)                18192 (  17.77kB)
    Total RW  Size (RW Data + ZI Data)              2672 (   2.61kB)
    Total ROM Size (Code + RO Data + RW Data)      18196 (  17.77kB)

==============================================================================

